L251 LINKER/LOCATER V4.66.93.0                                                          06/01/2023  00:13:27  PAGE 1


L251 LINKER/LOCATER V4.66.93.0, INVOKED BY:
C:\KEIL_V5\C251\BIN\L251.EXE .\Objects\main.obj, .\Objects\motor.obj, .\Objects\Delay.obj, .\Objects\Key.obj, .\Objects\
>> Timer.obj, .\Objects\LED.obj TO .\Objects\Project PRINT (.\Listings\Project.map) CASE CLASSES (EDATA (0X0-0XFFF), HDA
>> TA (0X0-0XFFF))


CPU MODE:     251 SOURCE MODE
INTR FRAME:   2 BYTES SAVED ON INTERRUPT
MEMORY MODEL: TINY


INPUT MODULES INCLUDED:
  .\Objects\main.obj (main)
         COMMENT TYPE 0: C251 V5.60.0
  .\Objects\motor.obj (motor)
         COMMENT TYPE 0: C251 V5.60.0
  .\Objects\Delay.obj (Delay)
         COMMENT TYPE 0: C251 V5.60.0
  .\Objects\Key.obj (Key)
         COMMENT TYPE 0: C251 V5.60.0
  .\Objects\Timer.obj (Timer)
         COMMENT TYPE 0: C251 V5.60.0
  .\Objects\LED.obj (LED)
         COMMENT TYPE 0: C251 V5.60.0
  C:\KEIL_V5\C251\LIB\C2ST.LIB (?C_START)
         COMMENT TYPE 0: A251 V4.69.6.0


ACTIVE MEMORY CLASSES OF MODULE:  .\Objects\Project (main)

BASE        START       END         USED      MEMORY CLASS
==========================================================
000000H     000000H     000FFFH     000100H   EDATA
000000H     000000H     000FFFH               HDATA
FF0000H     FF0000H     FFFFFFH     000188H   CODE
000000H     000000H     00007FH     00000BH   DATA


MEMORY MAP OF MODULE:  .\Objects\Project (main)


START     STOP      LENGTH    ALIGN  RELOC    MEMORY CLASS   SEGMENT NAME
=========================================================================
000000H   000007H   000008H   ---    AT..     DATA           "REG BANK 0"
000008H   00000AH   000003H   BYTE   UNIT     DATA           ?DT?MAIN
00000BH   00010AH   000100H   BYTE   UNIT     EDATA          ?STACK
00010BH   FEFFFFH   FEFEF5H   ---    ---      **GAP**
FF0000H   FF0002H   000003H   ---    OFFS..   CODE           ?CO?start251?4
FF0003H   FF005EH   00005CH   BYTE   INSEG    CODE           ?PR?TIMER4_INT?MAIN
FF005FH   FF0084H   000026H   BYTE   INSEG    CODE           ?PR?KEY?KEY
FF0085H   FF00A1H   00001DH   BYTE   INSEG    CODE           ?PR?KEY_INIT?KEY
FF00A2H   FF00A2H   000001H   ---    ---      **GAP**
FF00A3H   FF00A5H   000003H   ---    OFFS..   CODE           ?PR?IV?20
FF00A6H   FF00FFH   00005AH   BYTE   INSEG    CODE           ?PR?MAIN?MAIN
FF0100H   FF0117H   000018H   BYTE   INSEG    CODE           ?PR?DELAY?DELAY
FF0118H   FF012AH   000013H   BYTE   UNIT     CODE           ?C_C51STARTUP
FF012BH   FF012DH   000003H   BYTE   UNIT     CODE           ?C_C51STARTUP?3
FF012EH   FF0142H   000015H   BYTE   INSEG    CODE           ?PR?TIMER4INIT?TIMER
FF0143H   FF0153H   000011H   BYTE   INSEG    CODE           ?PR?CAR_STOP?MOTOR
FF0154H   FF0164H   000011H   BYTE   INSEG    CODE           ?PR?CAR_F?MOTOR
FF0165H   FF0171H   00000DH   BYTE   INSEG    CODE           ?PR?MOTOR_INIT?MOTOR
FF0172H   FF017EH   00000DH   BYTE   INSEG    CODE           ?PR?LED_INIT?LED
FF017FH   FF0183H   000005H   BYTE   INSEG    CODE           ?PR?LED_OFF?LED
FF0184H   FF0188H   000005H   BYTE   INSEG    CODE           ?PR?LED_ON?LED


L251 LINKER/LOCATER V4.66.93.0                                                        06/01/2023  00:13:27  PAGE 2



OVERLAY MAP OF MODULE:   .\Objects\Project (main)


FUNCTION/MODULE              BIT_GROUP   DATA_GROUP 
--> CALLED FUNCTION/MODULE  START  STOP  START  STOP
====================================================
timer4_int/main             ----- -----  ----- -----
  +--> Car_F/motor
  +--> LED_ON/LED
  +--> Car_Stop/motor
  +--> LED_OFF/LED

Car_F/motor                 ----- -----  ----- -----

LED_ON/LED                  ----- -----  ----- -----

Car_Stop/motor              ----- -----  ----- -----

LED_OFF/LED                 ----- -----  ----- -----

*** NEW ROOT **************

?C_C51STARTUP               ----- -----  ----- -----

*** NEW ROOT **************

?C_C51STARTUP?3             ----- -----  ----- -----
  +--> main/main

main/main                   ----- -----  ----- -----
  +--> LED_Init/LED
  +--> Timer4Init/Timer
  +--> Key_Init/Key
  +--> Motor_Init/motor
  +--> Key/Key

LED_Init/LED                ----- -----  ----- -----

Timer4Init/Timer            ----- -----  ----- -----

Key_Init/Key                ----- -----  ----- -----

Motor_Init/motor            ----- -----  ----- -----

Key/Key                     ----- -----  ----- -----
  +--> Delay/Delay

Delay/Delay                 ----- -----  ----- -----



PUBLIC SYMBOLS OF MODULE:  .\Objects\Project (main)


      VALUE       CLASS    TYPE      PUBLIC SYMBOL NAME
      =================================================
      000000FFH   NUMBER   ---       ?C?CODESEG
      00FF0000H   CODE     ---       ?C?STARTUP
      00000001H   NUMBER   ---       ?C?XDATASEG
      00FF0000H   CODE     ---       ?C_STARTUP
*SFR* 000000BCH   DATA     BYTE      ADC_CONTR
*SFR* 000000DEH   DATA     BYTE      ADCCFG
*SFR* 000000EFH   DATA     BYTE      AUXINTIF
*SFR* 0000008EH   DATA     BYTE      AUXR
L251 LINKER/LOCATER V4.66.93.0                                                        06/01/2023  00:13:27  PAGE 3


*SFR* 00000097H   DATA     BYTE      AUXR2
*SFR* 000000F1H   DATA     BYTE      CANICR
      00FF0154H   CODE     ---       Car_F
      00FF0143H   CODE     ---       Car_Stop
*SFR* 000000EAH   DATA     BYTE      CKCON
*SFR* 000000E6H   DATA     BYTE      CMPCR1
*SFR* 000000E7H   DATA     BYTE      CMPCR2
      00FF0100H   CODE     ---       Delay
*SFR* 000000A8H.7 DATA     BIT       EA
*SFR* 000000BAH.7 DATA     BIT       EAXFR
*SFR* 000000C7H   DATA     BYTE      IAP_CONTR
*SFR* 000000A8H   DATA     BYTE      IE
*SFR* 000000AFH   DATA     BYTE      IE2
*SFR* 0000008FH   DATA     BYTE      INTCLKO
*SFR* 000000B8H   DATA     BYTE      IP
*SFR* 000000B5H   DATA     BYTE      IP2
*SFR* 000000B6H   DATA     BYTE      IP2H
*SFR* 000000DFH   DATA     BYTE      IP3
*SFR* 000000EEH   DATA     BYTE      IP3H
*SFR* 000000B7H   DATA     BYTE      IPH
*SFR* 0000009DH   DATA     BYTE      IRCBAND
      00FF005FH   CODE     ---       Key
      00FF0085H   CODE     ---       Key_Init
*SFR* 000000B0H.7 DATA     BIT       KEY_N
      00FF0172H   CODE     ---       LED_Init
*SFR* 000000B0H.4 DATA     BIT       LED_L
      00FF017FH   CODE     ---       LED_OFF
      00FF0184H   CODE     ---       LED_ON
*SFR* 00000080H.5 DATA     BIT       LED_R
*SFR* 000000A0H.0 DATA     BIT       LH_B
*SFR* 000000A0H.1 DATA     BIT       LH_F
*SFR* 000000F9H   DATA     BYTE      LINICR
*SFR* 00000090H.6 DATA     BIT       LQ_B
*SFR* 00000090H.7 DATA     BIT       LQ_F
      00FF00A6H   CODE     ---       main
      00FF0165H   CODE     ---       Motor_Init
*SFR* 00000080H   DATA     BYTE      P0
*SFR* 00000094H   DATA     BYTE      P0M0
*SFR* 00000093H   DATA     BYTE      P0M1
*SFR* 00000090H   DATA     BYTE      P1
*SFR* 00000092H   DATA     BYTE      P1M0
*SFR* 00000091H   DATA     BYTE      P1M1
*SFR* 000000A0H   DATA     BYTE      P2
*SFR* 00000096H   DATA     BYTE      P2M0
*SFR* 00000095H   DATA     BYTE      P2M1
*SFR* 000000B0H   DATA     BYTE      P3
*SFR* 000000B2H   DATA     BYTE      P3M0
*SFR* 000000B1H   DATA     BYTE      P3M1
*SFR* 000000C0H   DATA     BYTE      P4
*SFR* 000000C8H   DATA     BYTE      P5
*SFR* 000000E8H   DATA     BYTE      P6
*SFR* 000000F8H   DATA     BYTE      P7
*SFR* 000000A2H   DATA     BYTE      P_SW1
*SFR* 000000BAH   DATA     BYTE      P_SW2
*SFR* 000000BBH   DATA     BYTE      P_SW3
*SFR* 00000087H   DATA     BYTE      PCON
*SFR* 000000D0H   DATA     BYTE      PSW
      00000008H   DATA     CHAR      PWM
*SFR* 000000A0H.3 DATA     BIT       RH_B
*SFR* 000000A0H.2 DATA     BIT       RH_F
*SFR* 00000090H.5 DATA     BIT       RQ_B
*SFR* 00000090H.4 DATA     BIT       RQ_F
*SFR* 000000FFH   DATA     BYTE      RSTCFG
*SFR* 0000009AH   DATA     BYTE      S2CON
*SFR* 000000ACH   DATA     BYTE      S3CON
L251 LINKER/LOCATER V4.66.93.0                                                        06/01/2023  00:13:27  PAGE 4


*SFR* 000000FDH   DATA     BYTE      S4CON
*SFR* 00000098H   DATA     BYTE      SCON
*SFR* 000000CEH   DATA     BYTE      SPCTL
*SFR* 000000CDH   DATA     BYTE      SPSTAT
*SFR* 000000D2H   DATA     BYTE      T4H
*SFR* 000000D3H   DATA     BYTE      T4L
*SFR* 000000DDH   DATA     BYTE      T4T3M
*SFR* 00000088H   DATA     BYTE      TCON
      00FF0003H   CODE     ---       timer4_int
      00FF012EH   CODE     ---       Timer4Init
*SFR* 00000089H   DATA     BYTE      TMOD
*SFR* 000000F4H   DATA     BYTE      USBCON
*SFR* 000000C1H   DATA     BYTE      WDT_CONTR
*SFR* 000000E9H   DATA     BYTE      WTST



SYMBOL TABLE OF MODULE:  .\Objects\Project (main)

      VALUE       REP       CLASS    TYPE      SYMBOL NAME
      ====================================================
      ---         MODULE    ---      ---       main
      00FF0003H   PUBLIC    CODE     ---       timer4_int
      00FF00A6H   PUBLIC    CODE     ---       main
      00000008H   PUBLIC    DATA     CHAR      PWM
      000000D0H   SFRSYM    DATA     BYTE      PSW
      0000009DH   SFRSYM    DATA     BYTE      IRCBAND
      00000097H   SFRSYM    DATA     BYTE      AUXR2
      000000EFH   SFRSYM    DATA     BYTE      AUXINTIF
      000000FDH   SFRSYM    DATA     BYTE      S4CON
      000000ACH   SFRSYM    DATA     BYTE      S3CON
      0000009AH   SFRSYM    DATA     BYTE      S2CON
      000000B7H   SFRSYM    DATA     BYTE      IPH
      000000CDH   SFRSYM    DATA     BYTE      SPSTAT
      000000DDH   SFRSYM    DATA     BYTE      T4T3M
      000000C1H   SFRSYM    DATA     BYTE      WDT_CONTR
      000000DFH   SFRSYM    DATA     BYTE      IP3
      000000F4H   SFRSYM    DATA     BYTE      USBCON
      000000B5H   SFRSYM    DATA     BYTE      IP2
      000000FFH   SFRSYM    DATA     BYTE      RSTCFG
      000000C7H   SFRSYM    DATA     BYTE      IAP_CONTR
      000000F9H   SFRSYM    DATA     BYTE      LINICR
      0000008EH   SFRSYM    DATA     BYTE      AUXR
      000000AFH   SFRSYM    DATA     BYTE      IE2
      00000088H   SFRSYM    DATA     BYTE      TCON
      00000089H   SFRSYM    DATA     BYTE      TMOD
      00000098H   SFRSYM    DATA     BYTE      SCON
      000000F1H   SFRSYM    DATA     BYTE      CANICR
      00000087H   SFRSYM    DATA     BYTE      PCON
      000000BCH   SFRSYM    DATA     BYTE      ADC_CONTR
      000000E7H   SFRSYM    DATA     BYTE      CMPCR2
      000000E6H   SFRSYM    DATA     BYTE      CMPCR1
      000000DEH   SFRSYM    DATA     BYTE      ADCCFG
      000000B8H   SFRSYM    DATA     BYTE      IP
      0000008FH   SFRSYM    DATA     BYTE      INTCLKO
      000000EEH   SFRSYM    DATA     BYTE      IP3H
      000000B6H   SFRSYM    DATA     BYTE      IP2H
      000000A8H   SFRSYM    DATA     BYTE      IE
      000000BBH   SFRSYM    DATA     BYTE      P_SW3
      000000BAH   SFRSYM    DATA     BYTE      P_SW2
      000000A2H   SFRSYM    DATA     BYTE      P_SW1
      000000CEH   SFRSYM    DATA     BYTE      SPCTL
      000000F8H   SFRSYM    DATA     BYTE      P7
      000000E8H   SFRSYM    DATA     BYTE      P6
      000000C8H   SFRSYM    DATA     BYTE      P5
L251 LINKER/LOCATER V4.66.93.0                                                        06/01/2023  00:13:27  PAGE 5


      000000C0H   SFRSYM    DATA     BYTE      P4
      000000B0H   SFRSYM    DATA     BYTE      P3
      000000A0H   SFRSYM    DATA     BYTE      P2
      00000090H   SFRSYM    DATA     BYTE      P1
      00000080H   SFRSYM    DATA     BYTE      P0

      00FF00A6H   BLOCK     CODE     ---       LVL=0
      R14         REGSYM    ---      BYTE      K
      R15         REGSYM    ---      BYTE      Flag
      00FF00A6H   LINE      CODE     ---       #10
      00FF00A6H   LINE      CODE     ---       #11
      00FF00A6H   LINE      CODE     ---       #12
      00FF00A6H   LINE      CODE     ---       #13
      00FF00A8H   LINE      CODE     ---       #14
      00FF00ABH   LINE      CODE     ---       #15
      00FF00AEH   LINE      CODE     ---       #16
      00FF00B1H   LINE      CODE     ---       #17
      00FF00B4H   LINE      CODE     ---       #18
      00FF00B4H   LINE      CODE     ---       #20
      00FF00B9H   LINE      CODE     ---       #21
      00FF00BEH   LINE      CODE     ---       #23
      00FF00C2H   LINE      CODE     ---       #25
      00FF00C8H   LINE      CODE     ---       #26
      00FF00CDH   LINE      CODE     ---       #28
      00FF00D9H   LINE      CODE     ---       #29
      00FF00DFH   LINE      CODE     ---       #30
      00FF00E1H   LINE      CODE     ---       #34
      00FF00E7H   LINE      CODE     ---       #35
      00FF00ECH   LINE      CODE     ---       #37
      00FF00F8H   LINE      CODE     ---       #38
      00FF00FEH   LINE      CODE     ---       #39
      00FF00FEH   LINE      CODE     ---       #41
      ---         BLOCKEND  ---      ---       LVL=0

      00FF0003H   BLOCK     CODE     ---       LVL=0
      00FF0019H   BLOCK     CODE     NEAR LAB  LVL=1
      00000009H   SYMBOL    DATA     WORD      count
      ---         BLOCKEND  ---      ---       LVL=1
      00FF0003H   LINE      CODE     ---       #50
      00FF0019H   LINE      CODE     ---       #51
      00FF0019H   LINE      CODE     ---       #53
      00FF0021H   LINE      CODE     ---       #54
      00FF002DH   LINE      CODE     ---       #55
      00FF003AH   LINE      CODE     ---       #57
      00FF003DH   LINE      CODE     ---       #58
      00FF0040H   LINE      CODE     ---       #59
      00FF0042H   LINE      CODE     ---       #62
      00FF0045H   LINE      CODE     ---       #63
      00FF0048H   LINE      CODE     ---       #64
      00FF0048H   LINE      CODE     ---       #65
      ---         BLOCKEND  ---      ---       LVL=0

      ---         MODULE    ---      ---       motor
      00FF0165H   PUBLIC    CODE     ---       Motor_Init
      00FF0143H   PUBLIC    CODE     ---       Car_Stop
      00FF0154H   PUBLIC    CODE     ---       Car_F
      000000D0H   SFRSYM    DATA     BYTE      PSW
      0000009DH   SFRSYM    DATA     BYTE      IRCBAND
      00000097H   SFRSYM    DATA     BYTE      AUXR2
      000000EFH   SFRSYM    DATA     BYTE      AUXINTIF
      000000FDH   SFRSYM    DATA     BYTE      S4CON
      000000ACH   SFRSYM    DATA     BYTE      S3CON
      0000009AH   SFRSYM    DATA     BYTE      S2CON
      000000B7H   SFRSYM    DATA     BYTE      IPH
      000000CDH   SFRSYM    DATA     BYTE      SPSTAT
L251 LINKER/LOCATER V4.66.93.0                                                        06/01/2023  00:13:27  PAGE 6


      000000DDH   SFRSYM    DATA     BYTE      T4T3M
      000000C1H   SFRSYM    DATA     BYTE      WDT_CONTR
      000000DFH   SFRSYM    DATA     BYTE      IP3
      000000F4H   SFRSYM    DATA     BYTE      USBCON
      000000B5H   SFRSYM    DATA     BYTE      IP2
      000000FFH   SFRSYM    DATA     BYTE      RSTCFG
      00000090H.4 SFRSYM    DATA     BIT       RQ_F
      00000090H.5 SFRSYM    DATA     BIT       RQ_B
      000000C7H   SFRSYM    DATA     BYTE      IAP_CONTR
      000000F9H   SFRSYM    DATA     BYTE      LINICR
      00000090H.7 SFRSYM    DATA     BIT       LQ_F
      0000008EH   SFRSYM    DATA     BYTE      AUXR
      000000AFH   SFRSYM    DATA     BYTE      IE2
      000000A0H.2 SFRSYM    DATA     BIT       RH_F
      00000090H.6 SFRSYM    DATA     BIT       LQ_B
      000000A0H.3 SFRSYM    DATA     BIT       RH_B
      000000A0H.1 SFRSYM    DATA     BIT       LH_F
      000000A0H.0 SFRSYM    DATA     BIT       LH_B
      00000088H   SFRSYM    DATA     BYTE      TCON
      00000089H   SFRSYM    DATA     BYTE      TMOD
      00000098H   SFRSYM    DATA     BYTE      SCON
      000000F1H   SFRSYM    DATA     BYTE      CANICR
      00000087H   SFRSYM    DATA     BYTE      PCON
      000000BCH   SFRSYM    DATA     BYTE      ADC_CONTR
      000000E7H   SFRSYM    DATA     BYTE      CMPCR2
      000000E6H   SFRSYM    DATA     BYTE      CMPCR1
      000000DEH   SFRSYM    DATA     BYTE      ADCCFG
      000000B8H   SFRSYM    DATA     BYTE      IP
      0000008FH   SFRSYM    DATA     BYTE      INTCLKO
      000000EEH   SFRSYM    DATA     BYTE      IP3H
      000000B6H   SFRSYM    DATA     BYTE      IP2H
      000000A8H   SFRSYM    DATA     BYTE      IE
      000000BBH   SFRSYM    DATA     BYTE      P_SW3
      000000BAH   SFRSYM    DATA     BYTE      P_SW2
      000000A2H   SFRSYM    DATA     BYTE      P_SW1
      000000CEH   SFRSYM    DATA     BYTE      SPCTL
      000000F8H   SFRSYM    DATA     BYTE      P7
      000000E8H   SFRSYM    DATA     BYTE      P6
      000000C8H   SFRSYM    DATA     BYTE      P5
      000000C0H   SFRSYM    DATA     BYTE      P4
      000000B0H   SFRSYM    DATA     BYTE      P3
      000000A0H   SFRSYM    DATA     BYTE      P2
      00000090H   SFRSYM    DATA     BYTE      P1
      00000095H   SFRSYM    DATA     BYTE      P2M1
      00000080H   SFRSYM    DATA     BYTE      P0
      00000091H   SFRSYM    DATA     BYTE      P1M1
      00000096H   SFRSYM    DATA     BYTE      P2M0
      00000092H   SFRSYM    DATA     BYTE      P1M0

      00FF0165H   BLOCK     CODE     ---       LVL=0
      00FF0165H   LINE      CODE     ---       #15
      00FF0165H   LINE      CODE     ---       #17
      00FF0168H   LINE      CODE     ---       #18
      00FF016BH   LINE      CODE     ---       #20
      00FF016EH   LINE      CODE     ---       #21
      00FF0171H   LINE      CODE     ---       #22
      ---         BLOCKEND  ---      ---       LVL=0

      00FF0154H   BLOCK     CODE     ---       LVL=0
      00FF0154H   LINE      CODE     ---       #24
      00FF0154H   LINE      CODE     ---       #27
      00FF0156H   LINE      CODE     ---       #28
      00FF0158H   LINE      CODE     ---       #30
      00FF015AH   LINE      CODE     ---       #31
      00FF015CH   LINE      CODE     ---       #33
L251 LINKER/LOCATER V4.66.93.0                                                        06/01/2023  00:13:27  PAGE 7


      00FF015EH   LINE      CODE     ---       #34
      00FF0160H   LINE      CODE     ---       #36
      00FF0162H   LINE      CODE     ---       #37
      00FF0164H   LINE      CODE     ---       #38
      ---         BLOCKEND  ---      ---       LVL=0

      00FF0143H   BLOCK     CODE     ---       LVL=0
      00FF0143H   LINE      CODE     ---       #40
      00FF0143H   LINE      CODE     ---       #42
      00FF0145H   LINE      CODE     ---       #43
      00FF0147H   LINE      CODE     ---       #45
      00FF0149H   LINE      CODE     ---       #46
      00FF014BH   LINE      CODE     ---       #48
      00FF014DH   LINE      CODE     ---       #49
      00FF014FH   LINE      CODE     ---       #51
      00FF0151H   LINE      CODE     ---       #52
      00FF0153H   LINE      CODE     ---       #54
      ---         BLOCKEND  ---      ---       LVL=0

      ---         MODULE    ---      ---       Delay
      00FF0100H   PUBLIC    CODE     ---       Delay
      000000D0H   SFRSYM    DATA     BYTE      PSW
      0000009DH   SFRSYM    DATA     BYTE      IRCBAND
      00000097H   SFRSYM    DATA     BYTE      AUXR2
      000000EFH   SFRSYM    DATA     BYTE      AUXINTIF
      000000FDH   SFRSYM    DATA     BYTE      S4CON
      000000ACH   SFRSYM    DATA     BYTE      S3CON
      0000009AH   SFRSYM    DATA     BYTE      S2CON
      000000B7H   SFRSYM    DATA     BYTE      IPH
      000000CDH   SFRSYM    DATA     BYTE      SPSTAT
      000000DDH   SFRSYM    DATA     BYTE      T4T3M
      000000C1H   SFRSYM    DATA     BYTE      WDT_CONTR
      000000DFH   SFRSYM    DATA     BYTE      IP3
      000000F4H   SFRSYM    DATA     BYTE      USBCON
      000000B5H   SFRSYM    DATA     BYTE      IP2
      000000FFH   SFRSYM    DATA     BYTE      RSTCFG
      000000C7H   SFRSYM    DATA     BYTE      IAP_CONTR
      000000F9H   SFRSYM    DATA     BYTE      LINICR
      0000008EH   SFRSYM    DATA     BYTE      AUXR
      000000AFH   SFRSYM    DATA     BYTE      IE2
      00000088H   SFRSYM    DATA     BYTE      TCON
      00000089H   SFRSYM    DATA     BYTE      TMOD
      00000098H   SFRSYM    DATA     BYTE      SCON
      000000F1H   SFRSYM    DATA     BYTE      CANICR
      00000087H   SFRSYM    DATA     BYTE      PCON
      000000BCH   SFRSYM    DATA     BYTE      ADC_CONTR
      000000E7H   SFRSYM    DATA     BYTE      CMPCR2
      000000E6H   SFRSYM    DATA     BYTE      CMPCR1
      000000DEH   SFRSYM    DATA     BYTE      ADCCFG
      000000B8H   SFRSYM    DATA     BYTE      IP
      0000008FH   SFRSYM    DATA     BYTE      INTCLKO
      000000EEH   SFRSYM    DATA     BYTE      IP3H
      000000B6H   SFRSYM    DATA     BYTE      IP2H
      000000A8H   SFRSYM    DATA     BYTE      IE
      000000BBH   SFRSYM    DATA     BYTE      P_SW3
      000000BAH   SFRSYM    DATA     BYTE      P_SW2
      000000A2H   SFRSYM    DATA     BYTE      P_SW1
      000000CEH   SFRSYM    DATA     BYTE      SPCTL
      000000F8H   SFRSYM    DATA     BYTE      P7
      000000E8H   SFRSYM    DATA     BYTE      P6
      000000C8H   SFRSYM    DATA     BYTE      P5
      000000C0H   SFRSYM    DATA     BYTE      P4
      000000B0H   SFRSYM    DATA     BYTE      P3
      000000A0H   SFRSYM    DATA     BYTE      P2
      00000090H   SFRSYM    DATA     BYTE      P1
L251 LINKER/LOCATER V4.66.93.0                                                        06/01/2023  00:13:27  PAGE 8


      00000080H   SFRSYM    DATA     BYTE      P0

      00FF0100H   BLOCK     CODE     ---       LVL=0
      WR2         REGSYM    ---      WORD      xms
      00FF0102H   BLOCK     CODE     NEAR LAB  LVL=1
      DR4         REGSYM    ---      DWORD     i
      ---         BLOCKEND  ---      ---       LVL=1
      00FF0100H   LINE      CODE     ---       #3
      00FF0102H   LINE      CODE     ---       #4
      00FF0102H   LINE      CODE     ---       #6
      00FF0104H   LINE      CODE     ---       #8
      00FF0105H   LINE      CODE     ---       #9
      00FF0106H   LINE      CODE     ---       #10
      00FF0107H   LINE      CODE     ---       #11
      00FF010BH   LINE      CODE     ---       #12
      00FF010FH   LINE      CODE     ---       #13
      00FF0117H   LINE      CODE     ---       #14
      ---         BLOCKEND  ---      ---       LVL=0

      ---         MODULE    ---      ---       Key
      00FF0085H   PUBLIC    CODE     ---       Key_Init
      00FF005FH   PUBLIC    CODE     ---       Key
      000000D0H   SFRSYM    DATA     BYTE      PSW
      000000BAH.7 SFRSYM    DATA     BIT       EAXFR
      0000009DH   SFRSYM    DATA     BYTE      IRCBAND
      00000097H   SFRSYM    DATA     BYTE      AUXR2
      000000EAH   SFRSYM    DATA     BYTE      CKCON
      000000EFH   SFRSYM    DATA     BYTE      AUXINTIF
      000000FDH   SFRSYM    DATA     BYTE      S4CON
      000000ACH   SFRSYM    DATA     BYTE      S3CON
      0000009AH   SFRSYM    DATA     BYTE      S2CON
      000000B7H   SFRSYM    DATA     BYTE      IPH
      000000CDH   SFRSYM    DATA     BYTE      SPSTAT
      000000DDH   SFRSYM    DATA     BYTE      T4T3M
      000000C1H   SFRSYM    DATA     BYTE      WDT_CONTR
      000000E9H   SFRSYM    DATA     BYTE      WTST
      000000DFH   SFRSYM    DATA     BYTE      IP3
      000000F4H   SFRSYM    DATA     BYTE      USBCON
      000000B5H   SFRSYM    DATA     BYTE      IP2
      000000FFH   SFRSYM    DATA     BYTE      RSTCFG
      000000C7H   SFRSYM    DATA     BYTE      IAP_CONTR
      000000F9H   SFRSYM    DATA     BYTE      LINICR
      0000008EH   SFRSYM    DATA     BYTE      AUXR
      000000AFH   SFRSYM    DATA     BYTE      IE2
      00000088H   SFRSYM    DATA     BYTE      TCON
      00000089H   SFRSYM    DATA     BYTE      TMOD
      00000098H   SFRSYM    DATA     BYTE      SCON
      000000F1H   SFRSYM    DATA     BYTE      CANICR
      00000087H   SFRSYM    DATA     BYTE      PCON
      000000BCH   SFRSYM    DATA     BYTE      ADC_CONTR
      000000E7H   SFRSYM    DATA     BYTE      CMPCR2
      000000E6H   SFRSYM    DATA     BYTE      CMPCR1
      000000DEH   SFRSYM    DATA     BYTE      ADCCFG
      000000B8H   SFRSYM    DATA     BYTE      IP
      000000B0H.7 SFRSYM    DATA     BIT       KEY_N
      0000008FH   SFRSYM    DATA     BYTE      INTCLKO
      000000EEH   SFRSYM    DATA     BYTE      IP3H
      000000B6H   SFRSYM    DATA     BYTE      IP2H
      000000A8H   SFRSYM    DATA     BYTE      IE
      000000BBH   SFRSYM    DATA     BYTE      P_SW3
      000000BAH   SFRSYM    DATA     BYTE      P_SW2
      000000A2H   SFRSYM    DATA     BYTE      P_SW1
      000000CEH   SFRSYM    DATA     BYTE      SPCTL
      000000F8H   SFRSYM    DATA     BYTE      P7
      000000E8H   SFRSYM    DATA     BYTE      P6
L251 LINKER/LOCATER V4.66.93.0                                                        06/01/2023  00:13:27  PAGE 9


      000000C8H   SFRSYM    DATA     BYTE      P5
      000000C0H   SFRSYM    DATA     BYTE      P4
      000000B0H   SFRSYM    DATA     BYTE      P3
      000000A0H   SFRSYM    DATA     BYTE      P2
      000000B1H   SFRSYM    DATA     BYTE      P3M1
      00000090H   SFRSYM    DATA     BYTE      P1
      000000B2H   SFRSYM    DATA     BYTE      P3M0
      00000080H   SFRSYM    DATA     BYTE      P0

      00FF0085H   BLOCK     CODE     ---       LVL=0
      00FF0085H   LINE      CODE     ---       #6
      00FF0085H   LINE      CODE     ---       #8
      00FF0088H   LINE      CODE     ---       #9
      00FF008BH   LINE      CODE     ---       #10
      00FF008EH   LINE      CODE     ---       #13
      00FF0091H   LINE      CODE     ---       #14
      00FF0094H   LINE      CODE     ---       #16
      00FF00A1H   LINE      CODE     ---       #18
      ---         BLOCKEND  ---      ---       LVL=0

      00FF005FH   BLOCK     CODE     ---       LVL=0
      00FF0061H   BLOCK     CODE     NEAR LAB  LVL=1
      R15         REGSYM    ---      BYTE      K
      ---         BLOCKEND  ---      ---       LVL=1
      00FF005FH   LINE      CODE     ---       #20
      00FF0061H   LINE      CODE     ---       #21
      00FF0061H   LINE      CODE     ---       #22
      00FF0063H   LINE      CODE     ---       #23
      00FF0080H   LINE      CODE     ---       #24
      00FF0082H   LINE      CODE     ---       #25
      ---         BLOCKEND  ---      ---       LVL=0

      ---         MODULE    ---      ---       Timer
      00FF012EH   PUBLIC    CODE     ---       Timer4Init
      000000D0H   SFRSYM    DATA     BYTE      PSW
      0000009DH   SFRSYM    DATA     BYTE      IRCBAND
      00000097H   SFRSYM    DATA     BYTE      AUXR2
      000000EFH   SFRSYM    DATA     BYTE      AUXINTIF
      000000FDH   SFRSYM    DATA     BYTE      S4CON
      000000ACH   SFRSYM    DATA     BYTE      S3CON
      0000009AH   SFRSYM    DATA     BYTE      S2CON
      000000B7H   SFRSYM    DATA     BYTE      IPH
      000000CDH   SFRSYM    DATA     BYTE      SPSTAT
      000000DDH   SFRSYM    DATA     BYTE      T4T3M
      000000C1H   SFRSYM    DATA     BYTE      WDT_CONTR
      000000D3H   SFRSYM    DATA     BYTE      T4L
      000000D2H   SFRSYM    DATA     BYTE      T4H
      000000DFH   SFRSYM    DATA     BYTE      IP3
      000000F4H   SFRSYM    DATA     BYTE      USBCON
      000000B5H   SFRSYM    DATA     BYTE      IP2
      000000FFH   SFRSYM    DATA     BYTE      RSTCFG
      000000C7H   SFRSYM    DATA     BYTE      IAP_CONTR
      000000F9H   SFRSYM    DATA     BYTE      LINICR
      0000008EH   SFRSYM    DATA     BYTE      AUXR
      000000AFH   SFRSYM    DATA     BYTE      IE2
      00000088H   SFRSYM    DATA     BYTE      TCON
      00000089H   SFRSYM    DATA     BYTE      TMOD
      00000098H   SFRSYM    DATA     BYTE      SCON
      000000F1H   SFRSYM    DATA     BYTE      CANICR
      00000087H   SFRSYM    DATA     BYTE      PCON
      000000BCH   SFRSYM    DATA     BYTE      ADC_CONTR
      000000E7H   SFRSYM    DATA     BYTE      CMPCR2
      000000E6H   SFRSYM    DATA     BYTE      CMPCR1
      000000DEH   SFRSYM    DATA     BYTE      ADCCFG
      000000B8H   SFRSYM    DATA     BYTE      IP
L251 LINKER/LOCATER V4.66.93.0                                                        06/01/2023  00:13:27  PAGE 10


      0000008FH   SFRSYM    DATA     BYTE      INTCLKO
      000000EEH   SFRSYM    DATA     BYTE      IP3H
      000000B6H   SFRSYM    DATA     BYTE      IP2H
      000000A8H   SFRSYM    DATA     BYTE      IE
      000000BBH   SFRSYM    DATA     BYTE      P_SW3
      000000BAH   SFRSYM    DATA     BYTE      P_SW2
      000000A2H   SFRSYM    DATA     BYTE      P_SW1
      000000CEH   SFRSYM    DATA     BYTE      SPCTL
      000000F8H   SFRSYM    DATA     BYTE      P7
      000000A8H.7 SFRSYM    DATA     BIT       EA
      000000E8H   SFRSYM    DATA     BYTE      P6
      000000C8H   SFRSYM    DATA     BYTE      P5
      000000C0H   SFRSYM    DATA     BYTE      P4
      000000B0H   SFRSYM    DATA     BYTE      P3
      000000A0H   SFRSYM    DATA     BYTE      P2
      00000090H   SFRSYM    DATA     BYTE      P1
      00000080H   SFRSYM    DATA     BYTE      P0

      00FF012EH   BLOCK     CODE     ---       LVL=0
      00FF012EH   LINE      CODE     ---       #21
      00FF012EH   LINE      CODE     ---       #23
      00FF0131H   LINE      CODE     ---       #24
      00FF0134H   LINE      CODE     ---       #25
      00FF0137H   LINE      CODE     ---       #26
      00FF013AH   LINE      CODE     ---       #27
      00FF013DH   LINE      CODE     ---       #28
      00FF0140H   LINE      CODE     ---       #29
      00FF0142H   LINE      CODE     ---       #30
      ---         BLOCKEND  ---      ---       LVL=0

      ---         MODULE    ---      ---       LED
      00FF017FH   PUBLIC    CODE     ---       LED_OFF
      00FF0172H   PUBLIC    CODE     ---       LED_Init
      00FF0184H   PUBLIC    CODE     ---       LED_ON
      00000094H   SFRSYM    DATA     BYTE      P0M0
      000000D0H   SFRSYM    DATA     BYTE      PSW
      0000009DH   SFRSYM    DATA     BYTE      IRCBAND
      00000097H   SFRSYM    DATA     BYTE      AUXR2
      000000EFH   SFRSYM    DATA     BYTE      AUXINTIF
      000000FDH   SFRSYM    DATA     BYTE      S4CON
      000000ACH   SFRSYM    DATA     BYTE      S3CON
      0000009AH   SFRSYM    DATA     BYTE      S2CON
      000000B7H   SFRSYM    DATA     BYTE      IPH
      000000CDH   SFRSYM    DATA     BYTE      SPSTAT
      000000DDH   SFRSYM    DATA     BYTE      T4T3M
      000000C1H   SFRSYM    DATA     BYTE      WDT_CONTR
      000000DFH   SFRSYM    DATA     BYTE      IP3
      000000F4H   SFRSYM    DATA     BYTE      USBCON
      000000B5H   SFRSYM    DATA     BYTE      IP2
      000000FFH   SFRSYM    DATA     BYTE      RSTCFG
      000000C7H   SFRSYM    DATA     BYTE      IAP_CONTR
      000000F9H   SFRSYM    DATA     BYTE      LINICR
      0000008EH   SFRSYM    DATA     BYTE      AUXR
      000000AFH   SFRSYM    DATA     BYTE      IE2
      00000088H   SFRSYM    DATA     BYTE      TCON
      00000089H   SFRSYM    DATA     BYTE      TMOD
      00000098H   SFRSYM    DATA     BYTE      SCON
      000000F1H   SFRSYM    DATA     BYTE      CANICR
      00000087H   SFRSYM    DATA     BYTE      PCON
      000000BCH   SFRSYM    DATA     BYTE      ADC_CONTR
      000000E7H   SFRSYM    DATA     BYTE      CMPCR2
      000000E6H   SFRSYM    DATA     BYTE      CMPCR1
      000000DEH   SFRSYM    DATA     BYTE      ADCCFG
      000000B8H   SFRSYM    DATA     BYTE      IP
      0000008FH   SFRSYM    DATA     BYTE      INTCLKO
L251 LINKER/LOCATER V4.66.93.0                                                        06/01/2023  00:13:27  PAGE 11


      000000EEH   SFRSYM    DATA     BYTE      IP3H
      000000B6H   SFRSYM    DATA     BYTE      IP2H
      000000A8H   SFRSYM    DATA     BYTE      IE
      000000BBH   SFRSYM    DATA     BYTE      P_SW3
      000000BAH   SFRSYM    DATA     BYTE      P_SW2
      000000A2H   SFRSYM    DATA     BYTE      P_SW1
      000000CEH   SFRSYM    DATA     BYTE      SPCTL
      00000080H.5 SFRSYM    DATA     BIT       LED_R
      000000F8H   SFRSYM    DATA     BYTE      P7
      000000E8H   SFRSYM    DATA     BYTE      P6
      000000C8H   SFRSYM    DATA     BYTE      P5
      000000C0H   SFRSYM    DATA     BYTE      P4
      000000B0H   SFRSYM    DATA     BYTE      P3
      000000A0H   SFRSYM    DATA     BYTE      P2
      000000B1H   SFRSYM    DATA     BYTE      P3M1
      000000B0H.4 SFRSYM    DATA     BIT       LED_L
      00000090H   SFRSYM    DATA     BYTE      P1
      000000B2H   SFRSYM    DATA     BYTE      P3M0
      00000080H   SFRSYM    DATA     BYTE      P0
      00000093H   SFRSYM    DATA     BYTE      P0M1

      00FF0172H   BLOCK     CODE     ---       LVL=0
      00FF0172H   LINE      CODE     ---       #6
      00FF0172H   LINE      CODE     ---       #8
      00FF0175H   LINE      CODE     ---       #9
      00FF0178H   LINE      CODE     ---       #11
      00FF017BH   LINE      CODE     ---       #12
      00FF017EH   LINE      CODE     ---       #14
      ---         BLOCKEND  ---      ---       LVL=0

      00FF0184H   BLOCK     CODE     ---       LVL=0
      00FF0184H   LINE      CODE     ---       #16
      00FF0184H   LINE      CODE     ---       #18
      00FF0186H   LINE      CODE     ---       #19
      00FF0188H   LINE      CODE     ---       #20
      ---         BLOCKEND  ---      ---       LVL=0

      00FF017FH   BLOCK     CODE     ---       LVL=0
      00FF017FH   LINE      CODE     ---       #22
      00FF017FH   LINE      CODE     ---       #24
      00FF0181H   LINE      CODE     ---       #25
      00FF0183H   LINE      CODE     ---       #26
      ---         BLOCKEND  ---      ---       LVL=0

      ---         MODULE    ---      ---       ?C_START
      00FF0000H   PUBLIC    CODE     ---       ?C?STARTUP
      00FF0000H   PUBLIC    CODE     ---       ?C_STARTUP

Program Size: data=11.0 edata+hdata=256 xdata=0 const=0 code=392
L251 RUN COMPLETE.  0 WARNING(S),  0 ERROR(S)
