BL51 BANKED LINKER/LOCATER V6.22                                                        06/21/2023  16:33:06  PAGE 1


BL51 BANKED LINKER/LOCATER V6.22, INVOKED BY:
C:\KEIL_V5\C51\BIN\BL51.EXE .\list\main.obj, .\list\LED.obj, .\list\TM1668.obj, .\list\Key_s.obj, .\list\timer0.obj, .\l
>> ist\HX711.obj, .\list\Scale.obj, .\list\My_eeprom.obj, .\list\Buzzer.obj, .\list\delay.obj, .\list\ADC.obj, .\list\co
>> mpare.obj, .\list\EEPROM.obj, .\list\Exti.obj, .\list\GPIO.obj, .\list\I2C.obj, .\list\PCA.obj, .\list\PWM.obj, .\lis
>> t\PWM15bit.obj, .\list\Soft_UART.obj, .\list\spi.obj, .\list\timer.obj, .\list\UART.obj, .\list\WDT.obj TO .\list\Pro
>> ject PRINT (.\list\Project.m51) RAMSIZE (256) DISABLEWARNING (16)


MEMORY MODEL: LARGE WITH FLOATING POINT ARITHMETIC


INPUT MODULES INCLUDED:
  .\list\main.obj (MAIN)
  .\list\LED.obj (LED)
  .\list\TM1668.obj (TM1668)
  .\list\Key_s.obj (KEY_S)
  .\list\timer0.obj (TIMER0)
  .\list\HX711.obj (HX711)
  .\list\Scale.obj (SCALE)
  .\list\My_eeprom.obj (MY_EEPROM)
  .\list\Buzzer.obj (BUZZER)
  .\list\delay.obj (DELAY)
  .\list\ADC.obj (ADC)
  .\list\compare.obj (COMPARE)
  .\list\EEPROM.obj (EEPROM)
  .\list\Exti.obj (EXTI)
  .\list\GPIO.obj (GPIO)
  .\list\I2C.obj (I2C)
  .\list\PCA.obj (PCA)
  .\list\PWM.obj (PWM)
  .\list\PWM15bit.obj (PWM15BIT)
  .\list\Soft_UART.obj (SOFT_UART)
  .\list\spi.obj (SPI)
  .\list\timer.obj (TIMER)
  .\list\UART.obj (UART)
  .\list\WDT.obj (WDT)
  C:\KEIL_V5\C51\LIB\C51FPL.LIB (?C?FPMUL)
  C:\KEIL_V5\C51\LIB\C51FPL.LIB (?C?FPDIV)
  C:\KEIL_V5\C51\LIB\C51FPL.LIB (?C?FCAST)
  C:\KEIL_V5\C51\LIB\C51FPL.LIB (?C?CASTF)
  C:\KEIL_V5\C51\LIB\C51FPL.LIB (?C?FPGETOPN)
  C:\KEIL_V5\C51\LIB\C51L.LIB (?C_STARTUP)
  C:\KEIL_V5\C51\LIB\C51L.LIB (?C?CLDPTR)
  C:\KEIL_V5\C51\LIB\C51L.LIB (?C?CLDOPTR)
  C:\KEIL_V5\C51\LIB\C51L.LIB (?C?CSTPTR)
  C:\KEIL_V5\C51\LIB\C51L.LIB (?C?IMUL)
  C:\KEIL_V5\C51\LIB\C51L.LIB (?C?UIDIV)
  C:\KEIL_V5\C51\LIB\C51L.LIB (?C?IILDX)
  C:\KEIL_V5\C51\LIB\C51L.LIB (?C?ILDIX)
  C:\KEIL_V5\C51\LIB\C51L.LIB (?C?ILDPTR)
  C:\KEIL_V5\C51\LIB\C51L.LIB (?C?ILDOPTR)
  C:\KEIL_V5\C51\LIB\C51L.LIB (?C?LMUL)
  C:\KEIL_V5\C51\LIB\C51L.LIB (?C?ULDIV)
  C:\KEIL_V5\C51\LIB\C51L.LIB (?C?SLDIV)
  C:\KEIL_V5\C51\LIB\C51L.LIB (?C?LNEG)
  C:\KEIL_V5\C51\LIB\C51L.LIB (?C?SLCMP)
  C:\KEIL_V5\C51\LIB\C51L.LIB (?C?ULCMP)
  C:\KEIL_V5\C51\LIB\C51L.LIB (?C?ULSHR)
BL51 BANKED LINKER/LOCATER V6.22                                                      06/21/2023  16:33:06  PAGE 2


  C:\KEIL_V5\C51\LIB\C51L.LIB (?C?LSHL)
  C:\KEIL_V5\C51\LIB\C51L.LIB (?C?LLDOPTR0)
  C:\KEIL_V5\C51\LIB\C51L.LIB (?C?LSTXDATA)
  C:\KEIL_V5\C51\LIB\C51L.LIB (?C?LSTKXDATA)
  C:\KEIL_V5\C51\LIB\C51L.LIB (?C_INIT)
  C:\KEIL_V5\C51\LIB\C51L.LIB (?C?LLDIDATA0)
  C:\KEIL_V5\C51\LIB\C51L.LIB (?C?LLDXDATA0)
  C:\KEIL_V5\C51\LIB\C51L.LIB (?C?LLDPDATA0)
  C:\KEIL_V5\C51\LIB\C51L.LIB (?C?LLDCODE0)


LINK MAP OF MODULE:  .\list\Project (MAIN)


            TYPE    BASE      LENGTH    RELOCATION   SEGMENT NAME
            -----------------------------------------------------

            * * * * * * *   D A T A   M E M O R Y   * * * * * * *
            REG     0000H     0008H     ABSOLUTE     "REG BANK 0"
                    0008H     0018H                  *** GAP ***
            BIT     0020H.0   0000H.3   UNIT         ?BI?PCA
            BIT     0020H.3   0000H.1   UNIT         ?BI?SPI
                    0020H.4   0000H.4                *** GAP ***
            IDATA   0021H     0001H     UNIT         ?STACK

            * * * * * * *  X D A T A   M E M O R Y  * * * * * * *
            XDATA   0000H     0107H     UNIT         ?XD?UART
            XDATA   0107H     0082H     UNIT         ?XD?SPI
            XDATA   0189H     0080H     UNIT         ?XD?I2C
            XDATA   0209H     001BH     UNIT         _XDATA_GROUP_
            XDATA   0224H     000FH     UNIT         ?XD?PCA
            XDATA   0233H     000DH     UNIT         ?XD?MAIN
            XDATA   0240H     000AH     UNIT         ?XD?TM1668
            XDATA   024AH     0008H     UNIT         ?XD?_PWMCHANNELCTRL?PWM15BIT
            XDATA   0252H     0007H     UNIT         ?XD?SCALE
            XDATA   0259H     0007H     UNIT         ?XD?_UART_CONFIGURATION?UART
            XDATA   0260H     0005H     UNIT         ?XD?_TM1668_WRITEBYTESADDRFIXED?TM1668
            XDATA   0265H     0005H     UNIT         ?XD?_TM1668_WRITEBYTESADDRF?TM1668
            XDATA   026AH     0005H     UNIT         ?XD?_WRITENBYTE?I2C
            XDATA   026FH     0005H     UNIT         ?XD?_READNBYTE?I2C
            XDATA   0274H     0004H     UNIT         ?XD?KEY_S
            XDATA   0278H     0003H     UNIT         ?XD?MY_EEPROM
            XDATA   027BH     0003H     UNIT         ?XD?_PCA_INIT?PCA
            XDATA   027EH     0002H     UNIT         ?XD?_GET_ADCRESULT?ADC
            XDATA   0280H     0001H     UNIT         ?XD?EXTI

            * * * * * * *   C O D E   M E M O R Y   * * * * * * *
            CODE    0000H     0003H     ABSOLUTE     
            CODE    0003H     0003H     ABSOLUTE     
            CODE    0006H     0004H     UNIT         ?PR?ADC_INT?ADC
                    000AH     0001H                  *** GAP ***
            CODE    000BH     0003H     ABSOLUTE     
            CODE    000EH     0004H     UNIT         ?PR?WDT_CLEAR?WDT
                    0012H     0001H                  *** GAP ***
            CODE    0013H     0003H     ABSOLUTE     
            CODE    0016H     0003H     UNIT         ?PR?DELAY__HX711_US?HX711
                    0019H     0002H                  *** GAP ***
BL51 BANKED LINKER/LOCATER V6.22                                                      06/21/2023  16:33:06  PAGE 3


            CODE    001BH     0003H     ABSOLUTE     
            CODE    001EH     0003H     UNIT         ?PR?TIMER1_INT?TIMER
                    0021H     0002H                  *** GAP ***
            CODE    0023H     0003H     ABSOLUTE     
            CODE    0026H     0003H     UNIT         ?PR?TIMER2_INT?TIMER
                    0029H     0002H                  *** GAP ***
            CODE    002BH     0003H     ABSOLUTE     
            CODE    002EH     000CH     UNIT         ?PR?_DELAY?TM1668
                    003AH     0001H                  *** GAP ***
            CODE    003BH     0003H     ABSOLUTE     
            CODE    003EH     000CH     UNIT         ?PR?_ADC_POWERCONTROL?ADC
                    004AH     0001H                  *** GAP ***
            CODE    004BH     0003H     ABSOLUTE     
            CODE    004EH     0003H     UNIT         ?PR?TIMER3_INT?TIMER
                    0051H     0002H                  *** GAP ***
            CODE    0053H     0003H     ABSOLUTE     
            CODE    0056H     0003H     UNIT         ?PR?TIMER4_INT?TIMER
                    0059H     0002H                  *** GAP ***
            CODE    005BH     0003H     ABSOLUTE     
                    005EH     0005H                  *** GAP ***
            CODE    0063H     0003H     ABSOLUTE     
            CODE    0066H     001AH     UNIT         ?PR?EEPROM_TRIG?EEPROM
                    0080H     0003H                  *** GAP ***
            CODE    0083H     0003H     ABSOLUTE     
            CODE    0086H     0015H     UNIT         ?PR?LED_INIT?LED
            CODE    009BH     0003H     ABSOLUTE     
                    009EH     0005H                  *** GAP ***
            CODE    00A3H     0003H     ABSOLUTE     
                    00A6H     0005H                  *** GAP ***
            CODE    00ABH     0003H     ABSOLUTE     
                    00AEH     0005H                  *** GAP ***
            CODE    00B3H     0003H     ABSOLUTE     
            CODE    00B6H     000BH     UNIT         ?PR?TM1668_END?TM1668
                    00C1H     0002H                  *** GAP ***
            CODE    00C3H     0003H     ABSOLUTE     
            CODE    00C6H     0018H     UNIT         ?PR?BUZZER_INIT?BUZZER
                    00DEH     0005H                  *** GAP ***
            CODE    00E3H     0003H     ABSOLUTE     
                    00E6H     0005H                  *** GAP ***
            CODE    00EBH     0003H     ABSOLUTE     
                    00EEH     0005H                  *** GAP ***
            CODE    00F3H     0003H     ABSOLUTE     
                    00F6H     0005H                  *** GAP ***
            CODE    00FBH     0003H     ABSOLUTE     
            CODE    00FEH     05CEH     UNIT         ?C?LIB_CODE
            CODE    06CCH     056FH     UNIT         ?PR?_WEIGHT_DISPLAY?MAIN
            CODE    0C3BH     049DH     UNIT         ?PR?_PWM_CONFIGURATION?PWM
            CODE    10D8H     02F8H     UNIT         ?PR?GET_WEIGHT?SCALE
            CODE    13D0H     02F8H     UNIT         ?PR?_TIMER_INILIZE?TIMER
            CODE    16C8H     02BFH     UNIT         ?PR?MAIN?MAIN
            CODE    1987H     0254H     UNIT         ?PR?_GPIO_INILIZE?GPIO
            CODE    1BDBH     022AH     UNIT         ?PR?WEIGHT_WRITE?MAIN
            CODE    1E05H     0209H     UNIT         ?PR?READ_WEIGHT?MAIN
            CODE    200EH     01FAH     UNIT         ?PR?_UART_CONFIGURATION?UART
            CODE    2208H     01DDH     UNIT         ?PR?_PCA_INIT?PCA
            CODE    23E5H     01B8H     UNIT         ?PR?_PWM15_INIT?PWM15BIT
            CODE    259DH     0180H     UNIT         ?CO?PWM15BIT
BL51 BANKED LINKER/LOCATER V6.22                                                      06/21/2023  16:33:06  PAGE 4


            CODE    271DH     0116H     UNIT         ?PR?_EXT_INILIZE?EXTI
            CODE    2833H     0113H     UNIT         ?PR?PCA_HANDLER?PCA
            CODE    2946H     0100H     UNIT         ?PR?_I2C_INIT?I2C
            CODE    2A46H     00DEH     UNIT         ?PR?MENU?MAIN
            CODE    2B24H     00CFH     UNIT         ?PR?KEY_SCAN?KEY_S
            CODE    2BF3H     00B5H     UNIT         ?PR?TIMER0_INT?MAIN
            CODE    2CA8H     00ABH     UNIT         ?PR?_CMP_INILIZE?COMPARE
            CODE    2D53H     00A9H     UNIT         ?PR?_ADC_INILIZE?ADC
            CODE    2DFCH     0098H     UNIT         ?PR?_SPI_INIT?SPI
            CODE    2E94H     0093H     UNIT         ?PR?_PWMCHANNELCTRL?PWM15BIT
            CODE    2F27H     008FH     UNIT         ?PR?HX711_READ?HX711
            CODE    2FB6H     008CH     UNIT         ?C_C51STARTUP
            CODE    3042H     0085H     UNIT         ?PR?_UPDATEPWM?PWM
            CODE    30C7H     007FH     UNIT         ?PR?UART1_INT?UART
            CODE    3146H     0078H     UNIT         ?PR?_GET_ADCRESULT?ADC
            CODE    31BEH     006CH     UNIT         ?PR?_UPDATEPWM1?PCA
            CODE    322AH     006AH     UNIT         ?PR?_PWM15DUTY?PWM15BIT
            CODE    3294H     0067H     UNIT         ?PR?KEY_HANDER?KEY_S
            CODE    32FBH     0053H     UNIT         ?PR?WRITE_EEPROM?MY_EEPROM
            CODE    334EH     0053H     UNIT         ?PR?READ_EEPROM?MY_EEPROM
            CODE    33A1H     0049H     UNIT         ?PR?SPI_TRANSIVION?SPI
            CODE    33EAH     0044H     UNIT         ?C?LDIV
            CODE    342EH     0041H     UNIT         ?PR?_PWMLEVELSET?PWM15BIT
            CODE    346FH     003EH     UNIT         ?PR?TM1668_INIT?TM1668
            CODE    34ADH     003CH     UNIT         ?PR?_TM1668_WRITEBYTESADDRFIXED?TM1668
            CODE    34E9H     003CH     UNIT         ?PR?KEY_INIT?KEY_S
            CODE    3525H     0039H     UNIT         ?PR?_TM1668_WRITEBYTESADDRF?TM1668
            CODE    355EH     0039H     UNIT         ?PR?_EEPROM_WRITE_N?EEPROM
            CODE    3597H     0039H     UNIT         ?PR?_READNBYTE?I2C
            CODE    35D0H     0038H     UNIT         ?PR?_TM1668_WRITEBYTE?TM1668
            CODE    3608H     0037H     UNIT         ?PR?_WRITENBYTE?I2C
            CODE    363FH     0034H     UNIT         ?PR?_TM1668_WRITEBYTESADDRINCREASE?TM1668
            CODE    3673H     0033H     UNIT         ?C_INITSEG
            CODE    36A6H     0032H     UNIT         ?PR?_EEPROM_READ_N?EEPROM
            CODE    36D8H     0031H     UNIT         ?PR?PWM0_HANDLER?PWM15BIT
            CODE    3709H     0031H     UNIT         ?PR?PWM1_HANDLER?PWM15BIT
            CODE    373AH     0031H     UNIT         ?PR?PWM2_HANDLER?PWM15BIT
            CODE    376BH     0031H     UNIT         ?PR?PWM3_HANDLER?PWM15BIT
            CODE    379CH     0031H     UNIT         ?PR?PWM4_HANDLER?PWM15BIT
            CODE    37CDH     002BH     UNIT         ?PR?_TXSEND?SOFT_UART
            CODE    37F8H     0029H     UNIT         ?PR?HX711_INIT?HX711
            CODE    3821H     0029H     UNIT         ?PR?_WDT_INILIZE?WDT
            CODE    384AH     0027H     UNIT         ?PR?KEY_READ?KEY_S
            CODE    3871H     0027H     UNIT         ?PR?_TX1_WRITE2BUFF?UART
            CODE    3898H     0025H     UNIT         ?PR?TIMER0_INIT?TIMER0
            CODE    38BDH     0023H     UNIT         ?PR?TM1668_START?TM1668
            CODE    38E0H     0023H     UNIT         ?PR?_TM1668_DISPLAY?TM1668
            CODE    3903H     001FH     UNIT         ?PR?INIT_EEPROM?MY_EEPROM
            CODE    3922H     001EH     UNIT         ?PR?RECVACK?I2C
            CODE    3940H     0017H     UNIT         ?CO?TM1668
            CODE    3957H     0013H     UNIT         ?PR?_EEPROM_SECTORERASE?EEPROM
            CODE    396AH     0013H     UNIT         ?PR?EXT_INT0?EXTI
            CODE    397DH     0013H     UNIT         ?PR?EXT_INT1?EXTI
            CODE    3990H     0013H     UNIT         ?PR?EXT_INT2?EXTI
            CODE    39A3H     0013H     UNIT         ?PR?EXT_INT3?EXTI
            CODE    39B6H     0013H     UNIT         ?PR?EXT_INT4?EXTI
            CODE    39C9H     0013H     UNIT         ?PR?I2C_ISR?I2C
BL51 BANKED LINKER/LOCATER V6.22                                                      06/21/2023  16:33:06  PAGE 5


            CODE    39DCH     0013H     UNIT         ?PR?_PRINTSTRING1?UART
            CODE    39EFH     0011H     UNIT         ?PR?CMP_INT?COMPARE
            CODE    3A00H     0011H     UNIT         ?PR?_SPI_SETMODE?SPI
            CODE    3A11H     0010H     UNIT         ?PR?_DELAY_MS?DELAY
            CODE    3A21H     0010H     UNIT         ?PR?_DELAY_255MS?DELAY
            CODE    3A31H     0010H     UNIT         ?PR?_PRINTSTRING?SOFT_UART
            CODE    3A41H     000FH     UNIT         ?PR?WAIT?I2C
            CODE    3A50H     000FH     UNIT         ?PR?RECVDATA?I2C
            CODE    3A5FH     000FH     UNIT         ?PR?SENDNAK?I2C
            CODE    3A6EH     000EH     UNIT         ?PR?DISABLEEEPROM?EEPROM
            CODE    3A7CH     000EH     UNIT         ?PR?_SENDDATA?I2C
            CODE    3A8AH     000EH     UNIT         ?PR?SENDACK?I2C
            CODE    3A98H     000EH     UNIT         ?PR?BITTIME?SOFT_UART
            CODE    3AA6H     0009H     UNIT         ?PR?GET_MAOPI?SCALE
            CODE    3AAFH     0009H     UNIT         ?PR?START?I2C
            CODE    3AB8H     0009H     UNIT         ?PR?STOP?I2C
            CODE    3AC1H     0008H     UNIT         ?PR?_SPI_WRITEBYTE?SPI



OVERLAY MAP OF MODULE:   .\list\Project (MAIN)


SEGMENT                                            XDATA_GROUP
  +--> CALLED SEGMENT                            START    LENGTH
----------------------------------------------------------------
?PR?TIMER0_INT?MAIN                              -----    -----
  +--> ?PR?KEY_HANDER?KEY_S

?PR?KEY_HANDER?KEY_S                             -----    -----
  +--> ?PR?KEY_SCAN?KEY_S

?PR?KEY_SCAN?KEY_S                               -----    -----
  +--> ?PR?KEY_READ?KEY_S

*** NEW ROOT ***************************************************

?C_C51STARTUP                                    -----    -----
  +--> ?PR?MAIN?MAIN
  +--> ?C_INITSEG

?PR?MAIN?MAIN                                    0209H    0004H
  +--> ?PR?BUZZER_INIT?BUZZER
  +--> ?PR?KEY_INIT?KEY_S
  +--> ?PR?TM1668_INIT?TM1668
  +--> ?PR?LED_INIT?LED
  +--> ?PR?_DELAY_255MS?DELAY
  +--> ?PR?MENU?MAIN
  +--> ?PR?TIMER0_INIT?TIMER0
  +--> ?PR?INIT_EEPROM?MY_EEPROM
  +--> ?PR?HX711_INIT?HX711
  +--> ?PR?GET_MAOPI?SCALE
  +--> ?PR?_TM1668_DISPLAY?TM1668
  +--> ?PR?GET_WEIGHT?SCALE
  +--> ?PR?_WEIGHT_DISPLAY?MAIN
  +--> ?PR?WEIGHT_WRITE?MAIN
  +--> ?PR?READ_WEIGHT?MAIN
BL51 BANKED LINKER/LOCATER V6.22                                                      06/21/2023  16:33:06  PAGE 6


  +--> ?PR?WRITE_EEPROM?MY_EEPROM
  +--> ?PR?EEPROM_TRIG?EEPROM
  +--> ?PR?_DELAY_MS?DELAY
  +--> ?PR?_EEPROM_SECTORERASE?EEPROM

?PR?BUZZER_INIT?BUZZER                           020DH    0002H
  +--> ?PR?_GPIO_INILIZE?GPIO

?PR?KEY_INIT?KEY_S                               020DH    0002H
  +--> ?PR?_GPIO_INILIZE?GPIO

?PR?TM1668_INIT?TM1668                           020DH    0002H
  +--> ?PR?_GPIO_INILIZE?GPIO
  +--> ?PR?TM1668_START?TM1668
  +--> ?PR?_TM1668_WRITEBYTE?TM1668
  +--> ?PR?TM1668_END?TM1668

?PR?TM1668_START?TM1668                          -----    -----
  +--> ?PR?_TM1668_WRITEBYTE?TM1668
  +--> ?PR?TM1668_END?TM1668
  +--> ?PR?_DELAY?TM1668

?PR?_TM1668_WRITEBYTE?TM1668                     -----    -----
  +--> ?PR?_DELAY?TM1668

?PR?TM1668_END?TM1668                            -----    -----
  +--> ?PR?_DELAY?TM1668

?PR?LED_INIT?LED                                 020DH    0002H
  +--> ?PR?_GPIO_INILIZE?GPIO

?PR?_DELAY_255MS?DELAY                           -----    -----
  +--> ?PR?_DELAY_MS?DELAY

?PR?MENU?MAIN                                    020DH    0001H
  +--> ?PR?_TM1668_DISPLAY?TM1668
  +--> ?PR?_DELAY_255MS?DELAY

?PR?_TM1668_DISPLAY?TM1668                       -----    -----
  +--> ?CO?TM1668
  +--> ?PR?_TM1668_WRITEBYTESADDRINCREASE?TM...

?PR?_TM1668_WRITEBYTESADDRINCREASE?TM...         021CH    0005H
  +--> ?PR?TM1668_START?TM1668
  +--> ?PR?_TM1668_WRITEBYTE?TM1668
  +--> ?PR?TM1668_END?TM1668

?PR?TIMER0_INIT?TIMER0                           020DH    0008H
  +--> ?PR?_TIMER_INILIZE?TIMER

?PR?INIT_EEPROM?MY_EEPROM                        -----    -----
  +--> ?PR?READ_EEPROM?MY_EEPROM
  +--> ?PR?WRITE_EEPROM?MY_EEPROM

?PR?READ_EEPROM?MY_EEPROM                        -----    -----
  +--> ?PR?_EEPROM_READ_N?EEPROM

BL51 BANKED LINKER/LOCATER V6.22                                                      06/21/2023  16:33:06  PAGE 7


?PR?_EEPROM_READ_N?EEPROM                        0218H    0007H
  +--> ?PR?EEPROM_TRIG?EEPROM
  +--> ?PR?DISABLEEEPROM?EEPROM

?PR?WRITE_EEPROM?MY_EEPROM                       -----    -----
  +--> ?PR?_EEPROM_SECTORERASE?EEPROM
  +--> ?PR?_EEPROM_WRITE_N?EEPROM

?PR?_EEPROM_SECTORERASE?EEPROM                   -----    -----
  +--> ?PR?EEPROM_TRIG?EEPROM
  +--> ?PR?DISABLEEEPROM?EEPROM

?PR?_EEPROM_WRITE_N?EEPROM                       0218H    0007H
  +--> ?PR?EEPROM_TRIG?EEPROM
  +--> ?PR?DISABLEEEPROM?EEPROM

?PR?HX711_INIT?HX711                             020DH    0002H
  +--> ?PR?_GPIO_INILIZE?GPIO

?PR?GET_MAOPI?SCALE                              -----    -----
  +--> ?PR?HX711_READ?HX711

?PR?HX711_READ?HX711                             0220H    0004H
  +--> ?PR?DELAY__HX711_US?HX711

?PR?GET_WEIGHT?SCALE                             0218H    0008H
  +--> ?PR?HX711_READ?HX711

?PR?_WEIGHT_DISPLAY?MAIN                         0218H    0004H
  +--> ?PR?_TM1668_DISPLAY?TM1668

?PR?WEIGHT_WRITE?MAIN                            020DH    000BH
  +--> ?PR?GET_WEIGHT?SCALE
  +--> ?PR?EEPROM_TRIG?EEPROM
  +--> ?PR?_EEPROM_WRITE_N?EEPROM
  +--> ?PR?_DELAY_MS?DELAY
  +--> ?PR?_WEIGHT_DISPLAY?MAIN
  +--> ?PR?_DELAY_255MS?DELAY
  +--> ?PR?_TM1668_DISPLAY?TM1668

?PR?READ_WEIGHT?MAIN                             020DH    000BH
  +--> ?PR?EEPROM_TRIG?EEPROM
  +--> ?PR?_EEPROM_READ_N?EEPROM
  +--> ?PR?_DELAY_MS?DELAY
  +--> ?PR?_TM1668_DISPLAY?TM1668
  +--> ?PR?_DELAY_255MS?DELAY
  +--> ?PR?_WEIGHT_DISPLAY?MAIN



SYMBOL TABLE OF MODULE:  .\list\Project (MAIN)

  VALUE           TYPE          NAME
  ----------------------------------

  -------         MODULE        MAIN
  C:0000H         SYMBOL        _ICE_DUMMY_
BL51 BANKED LINKER/LOCATER V6.22                                                      06/21/2023  16:33:06  PAGE 8


  D:0080H         PUBLIC        P0
  D:0090H         PUBLIC        P1
  C:2BF3H         PUBLIC        timer0_int
  D:00A0H         PUBLIC        P2
  X:0237H         PUBLIC        Buzzer_flag
  D:00B0H         PUBLIC        P3
  D:00C0H         PUBLIC        P4
  D:00C8H         PUBLIC        P5
  B:00A8H.7       PUBLIC        EA
  D:00E8H         PUBLIC        P6
  C:06D7H         PUBLIC        _Weight_DisPlay
  D:00F8H         PUBLIC        P7
  D:00A8H         PUBLIC        IE
  X:0238H         PUBLIC        Temp
  D:00B8H         PUBLIC        IP
  X:0239H         PUBLIC        epprom_add
  X:023AH         PUBLIC        G_Flag
  D:00D8H         PUBLIC        CCON
  C:16C8H         PUBLIC        main
  X:023BH         PUBLIC        read_add
  X:023CH         PUBLIC        Key
  X:023DH         PUBLIC        count
  B:00A0H.0       PUBLIC        P20
  D:0098H         PUBLIC        SCON
  D:0088H         PUBLIC        TCON
  C:2A46H         PUBLIC        menu
  B:00C0H.5       PUBLIC        P45
  D:00F0H         PUBLIC        B
  D:00E0H         PUBLIC        ACC
  C:1E05H         PUBLIC        Read_Weight
  X:023EH         PUBLIC        num
  C:1BDBH         PUBLIC        Weight_Write
  D:00D0H         PUBLIC        PSW
  X:023FH         PUBLIC        Flag
  C:06CCH         SYMBOL        L?0064
  -------         PROC          L?0063
  -------         ENDPROC       L?0063
  C:06CCH         SYMBOL        L?0064
  -------         PROC          _WEIGHT_DISPLAY
  X:0218H         SYMBOL        Weight_Shiwu
  C:06D7H         LINE#         11
  C:06DDH         LINE#         12
  C:06DDH         LINE#         13
  C:06FBH         LINE#         14
  C:06FBH         LINE#         16
  C:0704H         LINE#         17
  C:0704H         LINE#         18
  C:0723H         LINE#         19
  C:074CH         LINE#         20
  C:0775H         LINE#         21
  C:079FH         LINE#         22
  C:07A6H         LINE#         23
  C:07ADH         LINE#         24
  C:07ADH         LINE#         25
  C:07B8H         LINE#         26
  C:07B8H         LINE#         27
  C:07D7H         LINE#         28
BL51 BANKED LINKER/LOCATER V6.22                                                      06/21/2023  16:33:06  PAGE 9


  C:0800H         LINE#         29
  C:0829H         LINE#         30
  C:0853H         LINE#         31
  C:085AH         LINE#         32
  C:085CH         LINE#         33
  C:085CH         LINE#         34
  C:085FH         LINE#         35
  C:0896H         LINE#         36
  C:0896H         LINE#         37
  C:089FH         LINE#         38
  C:089FH         LINE#         39
  C:08BEH         LINE#         40
  C:08E7H         LINE#         41
  C:0910H         LINE#         42
  C:093AH         LINE#         43
  C:0964H         LINE#         44
  C:096BH         LINE#         45
  C:096BH         LINE#         46
  C:0976H         LINE#         47
  C:0976H         LINE#         48
  C:0995H         LINE#         49
  C:09BEH         LINE#         50
  C:09E7H         LINE#         51
  C:0A11H         LINE#         52
  C:0A3BH         LINE#         53
  C:0A3DH         LINE#         54
  C:0A3DH         LINE#         55
  C:0A40H         LINE#         56
  C:0A5FH         LINE#         57
  C:0A5FH         LINE#         58
  C:0A68H         LINE#         59
  C:0A68H         LINE#         60
  C:0A87H         LINE#         61
  C:0AB0H         LINE#         62
  C:0AD9H         LINE#         63
  C:0B03H         LINE#         64
  C:0B2DH         LINE#         65
  C:0B58H         LINE#         66
  C:0B58H         LINE#         67
  C:0B63H         LINE#         68
  C:0B63H         LINE#         69
  C:0B8BH         LINE#         70
  C:0BB4H         LINE#         71
  C:0BDEH         LINE#         72
  C:0C08H         LINE#         73
  C:0C33H         LINE#         74
  C:0C3AH         LINE#         75
  C:0C3AH         LINE#         77
  C:0C3AH         LINE#         79
  -------         ENDPROC       _WEIGHT_DISPLAY
  -------         PROC          WEIGHT_WRITE
  -------         DO            
  X:020DH         SYMBOL        Data1
  X:020EH         SYMBOL        Data2
  X:020FH         SYMBOL        Data3
  X:0210H         SYMBOL        Data4
  X:0211H         SYMBOL        Data5
BL51 BANKED LINKER/LOCATER V6.22                                                      06/21/2023  16:33:06  PAGE 10


  X:0212H         SYMBOL        Data6
  X:0213H         SYMBOL        signed_flag
  X:0214H         SYMBOL        w
  -------         ENDDO         
  C:1BDBH         LINE#         82
  C:1BDBH         LINE#         83
  C:1BDBH         LINE#         85
  C:1BE0H         LINE#         86
  C:1BE9H         LINE#         87
  C:1BF1H         LINE#         88
  C:1C0BH         LINE#         89
  C:1C30H         LINE#         90
  C:1C55H         LINE#         91
  C:1C7BH         LINE#         92
  C:1CA1H         LINE#         93
  C:1CC8H         LINE#         94
  C:1CCBH         LINE#         95
  C:1CE7H         LINE#         96
  C:1CECH         LINE#         97
  C:1D08H         LINE#         98
  C:1D0DH         LINE#         99
  C:1D29H         LINE#         100
  C:1D2EH         LINE#         101
  C:1D4AH         LINE#         102
  C:1D4FH         LINE#         103
  C:1D6BH         LINE#         104
  C:1D70H         LINE#         105
  C:1D8CH         LINE#         106
  C:1D91H         LINE#         107
  C:1DADH         LINE#         108
  C:1DB4H         LINE#         116
  C:1DBAH         LINE#         117
  C:1DBFH         LINE#         118
  C:1DD2H         LINE#         119
  C:1DE9H         LINE#         120
  C:1DF0H         LINE#         121
  C:1DF7H         LINE#         122
  C:1DFEH         LINE#         123
  -------         ENDPROC       WEIGHT_WRITE
  -------         PROC          READ_WEIGHT
  -------         DO            
  X:020DH         SYMBOL        Data1
  X:020EH         SYMBOL        Data2
  X:020FH         SYMBOL        Data3
  X:0210H         SYMBOL        Data4
  X:0211H         SYMBOL        Data5
  X:0212H         SYMBOL        Data6
  X:0213H         SYMBOL        signed_flag
  X:0214H         SYMBOL        w
  -------         ENDDO         
  C:1E05H         LINE#         129
  C:1E05H         LINE#         130
  C:1E05H         LINE#         131
  C:1E14H         LINE#         132
  C:1E16H         LINE#         133
  C:1E1EH         LINE#         134
  C:1E2BH         LINE#         135
BL51 BANKED LINKER/LOCATER V6.22                                                      06/21/2023  16:33:06  PAGE 11


  C:1E2BH         LINE#         136
  C:1E2DH         LINE#         137
  C:1E33H         LINE#         139
  C:1E33H         LINE#         141
  C:1E36H         LINE#         142
  C:1E52H         LINE#         143
  C:1E57H         LINE#         144
  C:1E73H         LINE#         145
  C:1E78H         LINE#         146
  C:1E94H         LINE#         147
  C:1E99H         LINE#         148
  C:1EB5H         LINE#         149
  C:1EBAH         LINE#         150
  C:1ED6H         LINE#         151
  C:1EDBH         LINE#         152
  C:1EF7H         LINE#         153
  C:1EFCH         LINE#         154
  C:1F18H         LINE#         155
  C:1F1FH         LINE#         158
  C:1F2FH         LINE#         159
  C:1F46H         LINE#         160
  C:1F4DH         LINE#         161
  C:1F54H         LINE#         162
  C:1F5BH         LINE#         163
  C:1F62H         LINE#         164
  C:1FFAH         LINE#         165
  C:1FFFH         LINE#         166
  C:2007H         LINE#         167
  C:200DH         LINE#         174
  -------         ENDPROC       READ_WEIGHT
  -------         PROC          MENU
  -------         DO            
  X:020DH         SYMBOL        i
  -------         ENDDO         
  C:2A46H         LINE#         177
  C:2A46H         LINE#         178
  C:2A46H         LINE#         179
  C:2A4BH         LINE#         180
  C:2A52H         LINE#         181
  C:2A59H         LINE#         182
  C:2A60H         LINE#         183
  C:2A67H         LINE#         184
  C:2A6EH         LINE#         185
  C:2A75H         LINE#         186
  C:2A7AH         LINE#         187
  C:2A81H         LINE#         188
  C:2A88H         LINE#         189
  C:2A8FH         LINE#         190
  C:2A96H         LINE#         191
  C:2A9DH         LINE#         192
  C:2AA4H         LINE#         193
  C:2AA9H         LINE#         194
  C:2AB8H         LINE#         195
  C:2AB8H         LINE#         196
  C:2AC2H         LINE#         197
  C:2AD1H         LINE#         198
  C:2AE0H         LINE#         199
BL51 BANKED LINKER/LOCATER V6.22                                                      06/21/2023  16:33:06  PAGE 12


  C:2AEFH         LINE#         200
  C:2AFEH         LINE#         201
  C:2B0DH         LINE#         202
  C:2B16H         LINE#         203
  C:2B16H         LINE#         204
  C:2B1BH         LINE#         205
  C:2B1BH         LINE#         206
  C:2B23H         LINE#         208
  -------         ENDPROC       MENU
  -------         PROC          MAIN
  -------         DO            
  X:0209H         SYMBOL        Weight_Shiwu
  -------         ENDDO         
  C:16C8H         LINE#         210
  C:16C8H         LINE#         211
  C:16C8H         LINE#         212
  C:16D2H         LINE#         213
  C:16D5H         LINE#         214
  C:16D8H         LINE#         215
  C:16DBH         LINE#         216
  C:16DEH         LINE#         217
  C:16E0H         LINE#         218
  C:16E5H         LINE#         219
  C:16E7H         LINE#         221
  C:16EAH         LINE#         222
  C:16EDH         LINE#         223
  C:16EFH         LINE#         224
  C:16F2H         LINE#         225
  C:16F5H         LINE#         226
  C:16FAH         LINE#         227
  C:16FDH         LINE#         228
  C:1702H         LINE#         229
  C:1709H         LINE#         231
  C:1709H         LINE#         232
  C:1709H         LINE#         234
  C:170CH         LINE#         235
  C:1712H         LINE#         236
  C:171CH         LINE#         237
  C:1729H         LINE#         238
  C:1729H         LINE#         239
  C:1732H         LINE#         241
  C:1738H         LINE#         242
  C:173AH         LINE#         244
  C:1748H         LINE#         245
  C:1748H         LINE#         246
  C:175CH         LINE#         247
  C:1777H         LINE#         248
  C:1792H         LINE#         249
  C:1799H         LINE#         250
  C:17A0H         LINE#         251
  C:17A7H         LINE#         252
  C:17A7H         LINE#         255
  C:17AEH         LINE#         256
  C:17AEH         LINE#         259
  C:17B0H         LINE#         260
  C:17B0H         LINE#         262
  C:17B7H         LINE#         263
BL51 BANKED LINKER/LOCATER V6.22                                                      06/21/2023  16:33:06  PAGE 13


  C:17B7H         LINE#         264
  C:17BDH         LINE#         265
  C:17BFH         LINE#         266
  C:17C2H         LINE#         267
  C:17CDH         LINE#         268
  C:17D1H         LINE#         269
  C:17D1H         LINE#         271
  C:17D8H         LINE#         272
  C:17D8H         LINE#         273
  C:17DEH         LINE#         274
  C:17E0H         LINE#         275
  C:17E3H         LINE#         276
  C:17EEH         LINE#         277
  C:17F2H         LINE#         278
  C:17F2H         LINE#         280
  C:17FAH         LINE#         281
  C:17FAH         LINE#         282
  C:17FFH         LINE#         283
  C:1801H         LINE#         284
  C:1807H         LINE#         285
  C:1807H         LINE#         286
  C:1811H         LINE#         287
  C:1821H         LINE#         288
  C:1821H         LINE#         289
  C:182CH         LINE#         290
  C:182EH         LINE#         291
  C:1837H         LINE#         292
  C:1837H         LINE#         293
  C:183EH         LINE#         294
  C:183EH         LINE#         295
  C:1841H         LINE#         296
  C:1841H         LINE#         298
  C:1846H         LINE#         299
  C:1846H         LINE#         301
  C:184EH         LINE#         302
  C:184EH         LINE#         304
  C:1853H         LINE#         305
  C:1855H         LINE#         306
  C:185BH         LINE#         307
  C:185BH         LINE#         308
  C:1865H         LINE#         309
  C:1875H         LINE#         310
  C:1875H         LINE#         311
  C:1880H         LINE#         312
  C:1882H         LINE#         313
  C:188BH         LINE#         314
  C:188BH         LINE#         315
  C:1892H         LINE#         316
  C:1892H         LINE#         317
  C:1894H         LINE#         320
  C:1897H         LINE#         321
  C:189CH         LINE#         322
  C:189CH         LINE#         324
  C:18A3H         LINE#         325
  C:18A3H         LINE#         326
  C:18A9H         LINE#         327
  C:18ABH         LINE#         328
BL51 BANKED LINKER/LOCATER V6.22                                                      06/21/2023  16:33:06  PAGE 14


  C:18B0H         LINE#         329
  C:18B4H         LINE#         330
  C:18B7H         LINE#         332
  C:18BCH         LINE#         333
  C:18C3H         LINE#         334
  C:18C8H         LINE#         336
  C:18CDH         LINE#         337
  C:18CDH         LINE#         339
  C:18D5H         LINE#         340
  C:18D5H         LINE#         341
  C:18DBH         LINE#         342
  C:18DDH         LINE#         343
  C:18E7H         LINE#         345
  C:18EAH         LINE#         346
  C:18EFH         LINE#         347
  C:18F6H         LINE#         348
  C:18FBH         LINE#         350
  C:1902H         LINE#         351
  C:1909H         LINE#         352
  C:1910H         LINE#         353
  C:1917H         LINE#         354
  C:191EH         LINE#         355
  C:1925H         LINE#         356
  C:1927H         LINE#         357
  C:192CH         LINE#         358
  C:192CH         LINE#         360
  C:1933H         LINE#         361
  C:1933H         LINE#         362
  C:1935H         LINE#         363
  C:1935H         LINE#         365
  C:193CH         LINE#         366
  C:193CH         LINE#         368
  C:193EH         LINE#         369
  C:193EH         LINE#         371
  C:1945H         LINE#         372
  C:1945H         LINE#         373
  C:194BH         LINE#         374
  C:194DH         LINE#         375
  C:1968H         LINE#         376
  C:196DH         LINE#         377
  C:196DH         LINE#         379
  C:1974H         LINE#         380
  C:1974H         LINE#         381
  C:1976H         LINE#         382
  C:1976H         LINE#         384
  C:197DH         LINE#         385
  C:197DH         LINE#         386
  C:197FH         LINE#         387
  C:197FH         LINE#         389
  C:1984H         LINE#         390
  -------         ENDPROC       MAIN
  -------         PROC          TIMER0_INT
  -------         DO            
  X:0233H         SYMBOL        i
  X:0235H         SYMBOL        j
  -------         ENDDO         
  C:2BF3H         LINE#         396
BL51 BANKED LINKER/LOCATER V6.22                                                      06/21/2023  16:33:06  PAGE 15


  C:2C10H         LINE#         399
  C:2C17H         LINE#         400
  C:2C17H         LINE#         401
  C:2C20H         LINE#         402
  C:2C23H         LINE#         403
  C:2C23H         LINE#         404
  C:2C2AH         LINE#         405
  C:2C2AH         LINE#         406
  C:2C31H         LINE#         407
  C:2C33H         LINE#         408
  C:2C33H         LINE#         410
  C:2C4FH         LINE#         411
  C:2C5EH         LINE#         412
  C:2C5EH         LINE#         413
  C:2C66H         LINE#         414
  C:2C6DH         LINE#         415
  C:2C70H         LINE#         416
  C:2C70H         LINE#         417
  C:2C78H         LINE#         418
  C:2C78H         LINE#         419
  C:2C78H         LINE#         421
  C:2C87H         LINE#         422
  C:2C87H         LINE#         423
  C:2C8BH         LINE#         424
  C:2C8DH         LINE#         425
  C:2C8DH         LINE#         426
  -------         ENDPROC       TIMER0_INT
  -------         ENDMOD        MAIN

  -------         MODULE        LED
  C:0000H         SYMBOL        _ICE_DUMMY_
  D:0080H         PUBLIC        P0
  D:0090H         PUBLIC        P1
  D:00A0H         PUBLIC        P2
  D:00B0H         PUBLIC        P3
  D:00C0H         PUBLIC        P4
  D:00C8H         PUBLIC        P5
  D:00E8H         PUBLIC        P6
  D:00F8H         PUBLIC        P7
  D:00A8H         PUBLIC        IE
  D:00B8H         PUBLIC        IP
  D:00D8H         PUBLIC        CCON
  D:0098H         PUBLIC        SCON
  D:0088H         PUBLIC        TCON
  D:00F0H         PUBLIC        B
  D:00E0H         PUBLIC        ACC
  C:0086H         PUBLIC        LED_Init
  D:00D0H         PUBLIC        PSW
  -------         PROC          LED_INIT
  -------         DO            
  X:020DH         SYMBOL        GPIOx
  -------         ENDDO         
  C:0086H         LINE#         3
  C:0086H         LINE#         4
  C:0086H         LINE#         6
  C:008CH         LINE#         7
  C:0090H         LINE#         9
BL51 BANKED LINKER/LOCATER V6.22                                                      06/21/2023  16:33:06  PAGE 16


  -------         ENDPROC       LED_INIT
  -------         ENDMOD        LED

  -------         MODULE        TM1668
  C:0000H         SYMBOL        _ICE_DUMMY_
  D:0080H         PUBLIC        P0
  D:0090H         PUBLIC        P1
  D:00A0H         PUBLIC        P2
  D:00B0H         PUBLIC        P3
  D:00C0H         PUBLIC        P4
  D:00C8H         PUBLIC        P5
  D:00E8H         PUBLIC        P6
  D:00F8H         PUBLIC        P7
  D:00A8H         PUBLIC        IE
  C:38E0H         PUBLIC        _TM1668_DisPlay
  D:00B8H         PUBLIC        IP
  C:3940H         PUBLIC        CODE
  C:363FH         PUBLIC        _TM1668_WriteBytesAddrIncrease
  D:00D8H         PUBLIC        CCON
  D:0098H         PUBLIC        SCON
  D:0088H         PUBLIC        TCON
  C:3525H         PUBLIC        _TM1668_WriteBytesAddrF
  D:00F0H         PUBLIC        B
  D:00E0H         PUBLIC        ACC
  X:0240H         PUBLIC        TAB
  C:34ADH         PUBLIC        _TM1668_WriteBytesAddrFixed
  C:38D5H         PUBLIC        TM1668_Start
  B:0080H.6       PUBLIC        GPIO_CLK
  B:0080H.5       PUBLIC        GPIO_DIO
  C:346FH         PUBLIC        TM1668_Init
  C:00B6H         PUBLIC        TM1668_End
  C:002EH         SYMBOL        _Delay
  B:0080H.7       PUBLIC        GPIO_STB
  D:00D0H         PUBLIC        PSW
  C:35E4H         PUBLIC        _TM1668_WriteByte
  -------         PROC          _DELAY
  D:0007H         SYMBOL        n
  -------         DO            
  D:0006H         SYMBOL        i
  -------         ENDDO         
  C:002EH         LINE#         10
  C:002EH         LINE#         11
  C:002EH         LINE#         12
  C:0030H         LINE#         13
  C:0035H         LINE#         14
  C:0035H         LINE#         15
  C:0036H         LINE#         16
  C:0039H         LINE#         17
  -------         ENDPROC       _DELAY
  C:38BDH         SYMBOL        L?0029
  C:38CAH         SYMBOL        L?0030
  C:38CFH         SYMBOL        L?0031
  -------         PROC          L?0028
  -------         ENDPROC       L?0028
  C:38BDH         SYMBOL        L?0029
  C:38CAH         SYMBOL        L?0030
  C:38CFH         SYMBOL        L?0031
BL51 BANKED LINKER/LOCATER V6.22                                                      06/21/2023  16:33:06  PAGE 17


  -------         PROC          TM1668_START
  C:38D5H         LINE#         22
  C:38D5H         LINE#         23
  C:38D5H         LINE#         24
  C:38D7H         LINE#         25
  C:38D9H         LINE#         26
  C:38DBH         LINE#         27
  -------         ENDPROC       TM1668_START
  -------         PROC          TM1668_END
  C:00B6H         LINE#         33
  C:00B6H         LINE#         34
  C:00B6H         LINE#         35
  C:00B8H         LINE#         36
  C:00BAH         LINE#         37
  C:00BCH         LINE#         38
  -------         ENDPROC       TM1668_END
  C:35D3H         SYMBOL        L?0033
  -------         PROC          L?0032
  -------         ENDPROC       L?0032
  C:35D3H         SYMBOL        L?0033
  -------         PROC          _TM1668_WRITEBYTE
  D:0005H         SYMBOL        byte
  -------         DO            
  D:0003H         SYMBOL        i
  -------         ENDDO         
  C:35E4H         LINE#         44
  C:35E6H         LINE#         45
  C:35E6H         LINE#         46
  C:35E8H         LINE#         48
  C:35E8H         LINE#         49
  C:35E8H         LINE#         50
  C:35EAH         LINE#         51
  C:35EFH         LINE#         52
  C:35F3H         LINE#         53
  C:35F6H         LINE#         54
  C:35F8H         LINE#         55
  C:35FBH         LINE#         56
  C:35FFH         LINE#         57
  C:3602H         LINE#         58
  C:3607H         LINE#         59
  -------         ENDPROC       _TM1668_WRITEBYTE
  -------         PROC          _TM1668_WRITEBYTESADDRINCREASE
  X:021CH         SYMBOL        p
  X:021FH         SYMBOL        nBytes
  X:0220H         SYMBOL        brightness
  -------         DO            
  D:0004H         SYMBOL        i
  -------         ENDDO         
  C:363FH         LINE#         66
  C:3642H         LINE#         67
  C:3642H         LINE#         68
  C:3642H         LINE#         70
  C:3642H         LINE#         71
  C:3642H         LINE#         72
  C:3642H         LINE#         74
  C:3645H         LINE#         75
  C:3647H         LINE#         76
BL51 BANKED LINKER/LOCATER V6.22                                                      06/21/2023  16:33:06  PAGE 18


  C:3647H         LINE#         78
  C:364AH         LINE#         79
  C:364FH         LINE#         80
  C:3659H         LINE#         81
  C:3659H         LINE#         82
  C:365CH         LINE#         83
  C:365FH         LINE#         84
  C:3662H         LINE#         85
  C:3665H         LINE#         87
  C:3668H         LINE#         88
  C:3670H         LINE#         89
  -------         ENDPROC       _TM1668_WRITEBYTESADDRINCREASE
  -------         PROC          _TM1668_WRITEBYTESADDRFIXED
  X:0260H         SYMBOL        p
  X:0263H         SYMBOL        nBytes
  X:0264H         SYMBOL        brightness
  -------         DO            
  D:0004H         SYMBOL        i
  -------         ENDDO         
  C:34ADH         LINE#         96
  C:34B0H         LINE#         97
  C:34B0H         LINE#         98
  C:34B0H         LINE#         100
  C:34B0H         LINE#         101
  C:34B0H         LINE#         102
  C:34B0H         LINE#         104
  C:34B3H         LINE#         105
  C:34B8H         LINE#         106
  C:34BBH         LINE#         108
  C:34C5H         LINE#         109
  C:34C5H         LINE#         110
  C:34C8H         LINE#         111
  C:34CFH         LINE#         112
  C:34D5H         LINE#         113
  C:34D8H         LINE#         114
  C:34DBH         LINE#         116
  C:34DEH         LINE#         117
  C:34E6H         LINE#         118
  -------         ENDPROC       _TM1668_WRITEBYTESADDRFIXED
  -------         PROC          _TM1668_WRITEBYTESADDRF
  X:0265H         SYMBOL        p
  X:0268H         SYMBOL        nBytes
  X:0269H         SYMBOL        ADD
  -------         DO            
  D:0004H         SYMBOL        i
  -------         ENDDO         
  C:3525H         LINE#         121
  C:3528H         LINE#         122
  C:3528H         LINE#         123
  C:3528H         LINE#         125
  C:3528H         LINE#         126
  C:3528H         LINE#         127
  C:3528H         LINE#         129
  C:352BH         LINE#         130
  C:3530H         LINE#         131
  C:3533H         LINE#         133
  C:353DH         LINE#         134
BL51 BANKED LINKER/LOCATER V6.22                                                      06/21/2023  16:33:06  PAGE 19


  C:353DH         LINE#         135
  C:3540H         LINE#         136
  C:3547H         LINE#         137
  C:354DH         LINE#         138
  C:3550H         LINE#         139
  C:3553H         LINE#         141
  C:3556H         LINE#         142
  C:355BH         LINE#         143
  -------         ENDPROC       _TM1668_WRITEBYTESADDRF
  -------         PROC          TM1668_INIT
  -------         DO            
  D:0004H         SYMBOL        i
  X:020DH         SYMBOL        GPIOx
  -------         ENDDO         
  C:346FH         LINE#         150
  C:346FH         LINE#         151
  C:346FH         LINE#         153
  C:3471H         LINE#         156
  C:3477H         LINE#         157
  C:347BH         LINE#         159
  C:3486H         LINE#         161
  C:3486H         LINE#         162
  C:3486H         LINE#         163
  C:3486H         LINE#         165
  C:3489H         LINE#         166
  C:348BH         LINE#         167
  C:348BH         LINE#         169
  C:348EH         LINE#         170
  C:3493H         LINE#         171
  C:3495H         LINE#         172
  C:3495H         LINE#         173
  C:349AH         LINE#         174
  C:349FH         LINE#         175
  C:34A2H         LINE#         177
  C:34A5H         LINE#         178
  C:34AAH         LINE#         179
  -------         ENDPROC       TM1668_INIT
  -------         PROC          _TM1668_DISPLAY
  D:0007H         SYMBOL        wei
  D:0005H         SYMBOL        duan
  C:38E0H         LINE#         184
  C:38E0H         LINE#         185
  C:38E0H         LINE#         186
  C:38F2H         LINE#         187
  -------         ENDPROC       _TM1668_DISPLAY
  -------         ENDMOD        TM1668

  -------         MODULE        KEY_S
  C:0000H         SYMBOL        _ICE_DUMMY_
  D:0080H         PUBLIC        P0
  D:0090H         PUBLIC        P1
  D:00A0H         PUBLIC        P2
  D:00B0H         PUBLIC        P3
  D:00C0H         PUBLIC        P4
  D:00C8H         PUBLIC        P5
  D:00E8H         PUBLIC        P6
  D:00F8H         PUBLIC        P7
BL51 BANKED LINKER/LOCATER V6.22                                                      06/21/2023  16:33:06  PAGE 20


  C:384AH         SYMBOL        Key_Read
  D:00A8H         PUBLIC        IE
  C:2B24H         SYMBOL        Key_Scan
  B:00C0H.4       PUBLIC        READ_KEY1
  D:00B8H         PUBLIC        IP
  B:00C0H.3       PUBLIC        READ_KEY2
  B:00C0H.2       PUBLIC        READ_KEY3
  B:00C0H.1       PUBLIC        READ_KEY4
  B:00B0H.7       PUBLIC        READ_KEY5
  B:00B0H.6       PUBLIC        READ_KEY6
  C:34E9H         PUBLIC        Key_Init
  D:00D8H         PUBLIC        CCON
  D:0098H         PUBLIC        SCON
  D:0088H         PUBLIC        TCON
  D:00F0H         PUBLIC        B
  D:00E0H         PUBLIC        ACC
  C:3294H         PUBLIC        Key_Hander
  D:00D0H         PUBLIC        PSW
  -------         PROC          KEY_INIT
  -------         DO            
  X:020DH         SYMBOL        GPIOx
  -------         ENDDO         
  C:34E9H         LINE#         3
  C:34E9H         LINE#         4
  C:34E9H         LINE#         7
  C:34EFH         LINE#         8
  C:34F3H         LINE#         9
  C:34FDH         LINE#         12
  C:3502H         LINE#         13
  C:3506H         LINE#         14
  C:3511H         LINE#         16
  C:3516H         LINE#         17
  C:351AH         LINE#         18
  -------         ENDPROC       KEY_INIT
  -------         PROC          KEY_READ
  C:384AH         LINE#         23
  C:384AH         LINE#         24
  C:384AH         LINE#         25
  C:384DH         LINE#         26
  C:3850H         LINE#         27
  C:3853H         LINE#         28
  C:3856H         LINE#         29
  C:3859H         LINE#         30
  C:385CH         LINE#         31
  C:385FH         LINE#         32
  C:3862H         LINE#         33
  C:3865H         LINE#         34
  C:3868H         LINE#         35
  C:386BH         LINE#         36
  C:386EH         LINE#         38
  C:3870H         LINE#         39
  -------         ENDPROC       KEY_READ
  -------         PROC          KEY_SCAN
  -------         DO            
  X:0275H         SYMBOL        state
  X:0276H         SYMBOL        KEY_LAST
  X:0277H         SYMBOL        KEY_NOW
BL51 BANKED LINKER/LOCATER V6.22                                                      06/21/2023  16:33:06  PAGE 21


  D:0006H         SYMBOL        KEY_VALUE
  -------         DO            
  X:0274H         SYMBOL        cnt
  -------         ENDDO         
  -------         ENDDO         
  C:2B24H         LINE#         42
  C:2B24H         LINE#         43
  C:2B24H         LINE#         46
  C:2B26H         LINE#         48
  C:2B2EH         LINE#         50
  C:2B4EH         LINE#         51
  C:2B4EH         LINE#         52
  C:2B4EH         LINE#         53
  C:2B4EH         LINE#         54
  C:2B61H         LINE#         55
  C:2B64H         LINE#         56
  C:2B64H         LINE#         57
  C:2B64H         LINE#         58
  C:2B76H         LINE#         59
  C:2B7BH         LINE#         60
  C:2B7DH         LINE#         61
  C:2B7DH         LINE#         62
  C:2B7DH         LINE#         63
  C:2B87H         LINE#         64
  C:2B87H         LINE#         65
  C:2B8DH         LINE#         66
  C:2B8FH         LINE#         68
  C:2B8FH         LINE#         69
  C:2B94H         LINE#         71
  C:2B95H         LINE#         72
  C:2B95H         LINE#         73
  C:2B97H         LINE#         75
  C:2B97H         LINE#         76
  C:2B97H         LINE#         77
  C:2BA1H         LINE#         78
  C:2BA1H         LINE#         80
  C:2BAEH         LINE#         81
  C:2BAEH         LINE#         82
  C:2BB0H         LINE#         83
  C:2BB4H         LINE#         84
  C:2BB8H         LINE#         85
  C:2BB8H         LINE#         86
  C:2BBAH         LINE#         88
  C:2BBAH         LINE#         89
  C:2BBFH         LINE#         90
  C:2BC4H         LINE#         91
  C:2BC4H         LINE#         92
  C:2BC6H         LINE#         93
  C:2BC6H         LINE#         94
  C:2BC6H         LINE#         95
  C:2BD0H         LINE#         96
  C:2BD6H         LINE#         97
  C:2BD8H         LINE#         98
  C:2BD8H         LINE#         99
  C:2BD8H         LINE#         100
  C:2BE2H         LINE#         101
  C:2BE2H         LINE#         102
BL51 BANKED LINKER/LOCATER V6.22                                                      06/21/2023  16:33:06  PAGE 22


  C:2BE6H         LINE#         103
  C:2BE8H         LINE#         104
  C:2BE8H         LINE#         105
  C:2BE8H         LINE#         106
  C:2BE8H         LINE#         108
  C:2BF0H         LINE#         109
  C:2BF2H         LINE#         110
  -------         ENDPROC       KEY_SCAN
  -------         PROC          KEY_HANDER
  -------         DO            
  D:0007H         SYMBOL        KEY_NUM
  -------         ENDDO         
  C:3294H         LINE#         115
  C:3294H         LINE#         116
  C:3294H         LINE#         117
  C:3296H         LINE#         122
  C:3299H         LINE#         123
  C:329EH         LINE#         125
  C:32A2H         LINE#         126
  C:32A2H         LINE#         127
  C:32A5H         LINE#         128
  C:32A5H         LINE#         129
  C:32A8H         LINE#         130
  C:32A8H         LINE#         131
  C:32ACH         LINE#         132
  C:32ACH         LINE#         133
  C:32AFH         LINE#         134
  C:32AFH         LINE#         135
  C:32B3H         LINE#         136
  C:32B3H         LINE#         137
  C:32B6H         LINE#         138
  C:32B6H         LINE#         139
  C:32BAH         LINE#         140
  C:32BAH         LINE#         141
  C:32BDH         LINE#         142
  C:32BDH         LINE#         143
  C:32C1H         LINE#         144
  C:32C1H         LINE#         145
  C:32C4H         LINE#         146
  C:32C4H         LINE#         147
  C:32C8H         LINE#         148
  C:32C8H         LINE#         149
  C:32CBH         LINE#         150
  C:32CBH         LINE#         151
  C:32CBH         LINE#         152
  C:32CFH         LINE#         153
  C:32CFH         LINE#         154
  C:32D2H         LINE#         155
  C:32D2H         LINE#         156
  C:32D5H         LINE#         157
  C:32D5H         LINE#         158
  C:32D9H         LINE#         159
  C:32D9H         LINE#         160
  C:32DCH         LINE#         161
  C:32DCH         LINE#         162
  C:32E0H         LINE#         163
  C:32E0H         LINE#         164
BL51 BANKED LINKER/LOCATER V6.22                                                      06/21/2023  16:33:06  PAGE 23


  C:32E3H         LINE#         165
  C:32E3H         LINE#         166
  C:32E7H         LINE#         167
  C:32E7H         LINE#         168
  C:32EAH         LINE#         169
  C:32EAH         LINE#         170
  C:32EEH         LINE#         171
  C:32EEH         LINE#         172
  C:32F1H         LINE#         173
  C:32F1H         LINE#         174
  C:32F5H         LINE#         175
  C:32F5H         LINE#         176
  C:32F8H         LINE#         177
  C:32F8H         LINE#         178
  C:32F8H         LINE#         180
  C:32FAH         LINE#         181
  -------         ENDPROC       KEY_HANDER
  -------         ENDMOD        KEY_S

  -------         MODULE        TIMER0
  C:0000H         SYMBOL        _ICE_DUMMY_
  D:0080H         PUBLIC        P0
  D:0090H         PUBLIC        P1
  D:00A0H         PUBLIC        P2
  D:00B0H         PUBLIC        P3
  D:00C0H         PUBLIC        P4
  D:00C8H         PUBLIC        P5
  D:00E8H         PUBLIC        P6
  D:00F8H         PUBLIC        P7
  D:00A8H         PUBLIC        IE
  D:00B8H         PUBLIC        IP
  D:00D8H         PUBLIC        CCON
  C:3898H         PUBLIC        Timer0_Init
  D:0098H         PUBLIC        SCON
  D:0088H         PUBLIC        TCON
  D:00F0H         PUBLIC        B
  D:00E0H         PUBLIC        ACC
  D:00D0H         PUBLIC        PSW
  -------         PROC          TIMER0_INIT
  -------         DO            
  X:020DH         SYMBOL        TIM_InitStructure
  -------         ENDDO         
  C:3898H         LINE#         4
  C:3898H         LINE#         5
  C:3898H         LINE#         7
  C:389DH         LINE#         8
  C:389FH         LINE#         9
  C:38A2H         LINE#         10
  C:38A5H         LINE#         11
  C:38A7H         LINE#         12
  C:38AFH         LINE#         13
  C:38B3H         LINE#         14
  -------         ENDPROC       TIMER0_INIT
  -------         ENDMOD        TIMER0

  -------         MODULE        HX711
  C:0000H         SYMBOL        _ICE_DUMMY_
BL51 BANKED LINKER/LOCATER V6.22                                                      06/21/2023  16:33:06  PAGE 24


  D:0080H         PUBLIC        P0
  D:0090H         PUBLIC        P1
  D:00A0H         PUBLIC        P2
  D:00B0H         PUBLIC        P3
  D:00C0H         PUBLIC        P4
  D:00C8H         PUBLIC        P5
  B:00A8H.7       PUBLIC        EA
  D:00E8H         PUBLIC        P6
  D:00F8H         PUBLIC        P7
  D:00A8H         PUBLIC        IE
  C:2F27H         PUBLIC        HX711_Read
  D:00B8H         PUBLIC        IP
  D:00D8H         PUBLIC        CCON
  C:37F8H         PUBLIC        HX711_Init
  D:0098H         PUBLIC        SCON
  D:0088H         PUBLIC        TCON
  D:00F0H         PUBLIC        B
  D:00E0H         PUBLIC        ACC
  B:00B0H.3       PUBLIC        HX711_DOUT
  C:0016H         PUBLIC        Delay__hx711_us
  D:00D0H         PUBLIC        PSW
  B:00B0H.4       PUBLIC        HX711_SCK
  -------         PROC          DELAY__HX711_US
  C:0016H         LINE#         8
  C:0016H         LINE#         9
  C:0016H         LINE#         10
  C:0017H         LINE#         11
  C:0018H         LINE#         12
  -------         ENDPROC       DELAY__HX711_US
  -------         PROC          HX711_INIT
  -------         DO            
  X:020DH         SYMBOL        GPIOx
  -------         ENDDO         
  C:37F8H         LINE#         17
  C:37F8H         LINE#         18
  C:37F8H         LINE#         20
  C:37FEH         LINE#         21
  C:3802H         LINE#         22
  C:380DH         LINE#         24
  C:3812H         LINE#         25
  C:3816H         LINE#         26
  -------         ENDPROC       HX711_INIT
  -------         PROC          HX711_READ
  -------         DO            
  X:0220H         SYMBOL        count
  D:0003H         SYMBOL        i
  -------         ENDDO         
  C:2F27H         LINE#         32
  C:2F27H         LINE#         33
  C:2F27H         LINE#         36
  C:2F29H         LINE#         37
  C:2F2CH         LINE#         38
  C:2F2EH         LINE#         39
  C:2F38H         LINE#         40
  C:2F3AH         LINE#         41
  C:2F3DH         LINE#         42
  C:2F3FH         LINE#         43
BL51 BANKED LINKER/LOCATER V6.22                                                      06/21/2023  16:33:06  PAGE 25


  C:2F41H         LINE#         44
  C:2F41H         LINE#         45
  C:2F43H         LINE#         46
  C:2F5CH         LINE#         47
  C:2F5EH         LINE#         48
  C:2F61H         LINE#         49
  C:2F80H         LINE#         50
  C:2F85H         LINE#         51
  C:2F87H         LINE#         52
  C:2FA0H         LINE#         53
  C:2FA3H         LINE#         54
  C:2FA5H         LINE#         55
  C:2FA7H         LINE#         57
  C:2FB5H         LINE#         58
  -------         ENDPROC       HX711_READ
  -------         ENDMOD        HX711

  -------         MODULE        SCALE
  C:0000H         SYMBOL        _ICE_DUMMY_
  D:0080H         PUBLIC        P0
  D:0090H         PUBLIC        P1
  D:00A0H         PUBLIC        P2
  D:00B0H         PUBLIC        P3
  D:00C0H         PUBLIC        P4
  D:00C8H         PUBLIC        P5
  D:00E8H         PUBLIC        P6
  D:00F8H         PUBLIC        P7
  D:00A8H         PUBLIC        IE
  D:00B8H         PUBLIC        IP
  X:0252H         PUBLIC        GapValue
  D:00D8H         PUBLIC        CCON
  D:0098H         PUBLIC        SCON
  D:0088H         PUBLIC        TCON
  D:00F0H         PUBLIC        B
  X:0254H         PUBLIC        Weight_Maopi
  D:00E0H         PUBLIC        ACC
  X:0258H         PUBLIC        Flag_ERROR
  C:10D8H         PUBLIC        Get_Weight
  C:3AA6H         PUBLIC        Get_Maopi
  D:00D0H         PUBLIC        PSW
  -------         PROC          GET_WEIGHT
  -------         DO            
  X:0218H         SYMBOL        Weight_Shiwu
  X:021CH         SYMBOL        Weight_Temp
  -------         ENDDO         
  C:10D8H         LINE#         11
  C:10D8H         LINE#         12
  C:10D8H         LINE#         13
  C:10ECH         LINE#         14
  C:10F5H         LINE#         15
  C:1125H         LINE#         16
  C:1125H         LINE#         17
  C:1149H         LINE#         18
  C:114FH         LINE#         19
  C:1151H         LINE#         20
  C:1181H         LINE#         21
  C:1181H         LINE#         22
BL51 BANKED LINKER/LOCATER V6.22                                                      06/21/2023  16:33:06  PAGE 26


  C:11AFH         LINE#         23
  C:11B4H         LINE#         24
  C:11B4H         LINE#         27
  C:1200H         LINE#         29
  C:121CH         LINE#         30
  C:121CH         LINE#         31
  C:1222H         LINE#         32
  C:1225H         LINE#         34
  C:1225H         LINE#         35
  C:1253H         LINE#         36
  C:1253H         LINE#         37
  C:127BH         LINE#         38
  C:127DH         LINE#         40
  C:127DH         LINE#         41
  C:12A0H         LINE#         42
  C:12A0H         LINE#         44
  C:13B3H         LINE#         45
  C:13B3H         LINE#         46
  C:13B7H         LINE#         47
  C:13B7H         LINE#         48
  C:13C6H         LINE#         49
  C:13C6H         LINE#         50
  C:13CBH         LINE#         51
  C:13CFH         LINE#         52
  -------         ENDPROC       GET_WEIGHT
  -------         PROC          GET_MAOPI
  C:3AA6H         LINE#         57
  C:3AA6H         LINE#         58
  C:3AA6H         LINE#         59
  -------         ENDPROC       GET_MAOPI
  -------         ENDMOD        SCALE

  -------         MODULE        MY_EEPROM
  C:0000H         SYMBOL        _ICE_DUMMY_
  D:0080H         PUBLIC        P0
  D:0090H         PUBLIC        P1
  D:00A0H         PUBLIC        P2
  X:0278H         PUBLIC        num1
  D:00B0H         PUBLIC        P3
  X:0279H         PUBLIC        num2
  D:00C0H         PUBLIC        P4
  D:00C8H         PUBLIC        P5
  D:00E8H         PUBLIC        P6
  D:00F8H         PUBLIC        P7
  C:334EH         PUBLIC        read_eeprom
  D:00A8H         PUBLIC        IE
  D:00B8H         PUBLIC        IP
  C:32FBH         PUBLIC        write_eeprom
  C:3903H         PUBLIC        init_eeprom
  D:00D8H         PUBLIC        CCON
  D:0098H         PUBLIC        SCON
  D:0088H         PUBLIC        TCON
  D:00F0H         PUBLIC        B
  D:00E0H         PUBLIC        ACC
  X:027AH         PUBLIC        gapvalue_flag
  D:00D0H         PUBLIC        PSW
  -------         PROC          WRITE_EEPROM
BL51 BANKED LINKER/LOCATER V6.22                                                      06/21/2023  16:33:06  PAGE 27


  C:32FBH         LINE#         6
  C:32FBH         LINE#         7
  C:32FBH         LINE#         8
  C:3308H         LINE#         9
  C:330BH         LINE#         10
  C:3311H         LINE#         11
  C:3325H         LINE#         12
  C:3339H         LINE#         13
  -------         ENDPROC       WRITE_EEPROM
  -------         PROC          READ_EEPROM
  C:334EH         LINE#         16
  C:334EH         LINE#         17
  C:334EH         LINE#         18
  C:3362H         LINE#         19
  C:3376H         LINE#         20
  C:338BH         LINE#         22
  C:33A0H         LINE#         23
  -------         ENDPROC       READ_EEPROM
  -------         PROC          INIT_EEPROM
  C:3903H         LINE#         25
  C:3903H         LINE#         26
  C:3903H         LINE#         27
  C:3906H         LINE#         28
  C:390EH         LINE#         29
  C:390EH         LINE#         30
  C:3918H         LINE#         31
  C:391EH         LINE#         32
  C:3921H         LINE#         33
  C:3921H         LINE#         34
  -------         ENDPROC       INIT_EEPROM
  -------         ENDMOD        MY_EEPROM

  -------         MODULE        BUZZER
  C:0000H         SYMBOL        _ICE_DUMMY_
  D:0080H         PUBLIC        P0
  D:0090H         PUBLIC        P1
  D:00A0H         PUBLIC        P2
  D:00B0H         PUBLIC        P3
  D:00C0H         PUBLIC        P4
  D:00C8H         PUBLIC        P5
  D:00E8H         PUBLIC        P6
  D:00F8H         PUBLIC        P7
  D:00A8H         PUBLIC        IE
  D:00B8H         PUBLIC        IP
  D:00D8H         PUBLIC        CCON
  D:0098H         PUBLIC        SCON
  D:0088H         PUBLIC        TCON
  B:00C0H.5       PUBLIC        P45
  D:00F0H         PUBLIC        B
  D:00E0H         PUBLIC        ACC
  D:00D0H         PUBLIC        PSW
  C:00C6H         PUBLIC        Buzzer_Init
  -------         PROC          BUZZER_INIT
  -------         DO            
  X:020DH         SYMBOL        GPIOx
  -------         ENDDO         
  C:00C6H         LINE#         3
BL51 BANKED LINKER/LOCATER V6.22                                                      06/21/2023  16:33:06  PAGE 28


  C:00C6H         LINE#         4
  C:00C6H         LINE#         6
  C:00CCH         LINE#         7
  C:00D0H         LINE#         9
  C:00DBH         LINE#         11
  C:00DDH         LINE#         12
  -------         ENDPROC       BUZZER_INIT
  -------         ENDMOD        BUZZER

  -------         MODULE        DELAY
  C:0000H         SYMBOL        _ICE_DUMMY_
  D:0080H         PUBLIC        P0
  D:0090H         PUBLIC        P1
  D:00A0H         PUBLIC        P2
  D:00B0H         PUBLIC        P3
  D:00C0H         PUBLIC        P4
  D:00C8H         PUBLIC        P5
  D:00E8H         PUBLIC        P6
  D:00F8H         PUBLIC        P7
  D:00A8H         PUBLIC        IE
  D:00B8H         PUBLIC        IP
  D:00D8H         PUBLIC        CCON
  D:0098H         PUBLIC        SCON
  D:0088H         PUBLIC        TCON
  D:00F0H         PUBLIC        B
  D:00E0H         PUBLIC        ACC
  C:3A11H         PUBLIC        _delay_ms
  C:3A21H         PUBLIC        _delay_255ms
  D:00D0H         PUBLIC        PSW
  -------         PROC          _DELAY_MS
  D:0007H         SYMBOL        ms
  -------         DO            
  D:0004H         SYMBOL        i
  -------         ENDDO         
  C:3A11H         LINE#         30
  C:3A11H         LINE#         31
  C:3A11H         LINE#         33
  C:3A11H         LINE#         34
  C:3A15H         LINE#         35
  C:3A1EH         LINE#         36
  C:3A20H         LINE#         37
  -------         ENDPROC       _DELAY_MS
  -------         PROC          _DELAY_255MS
  D:0006H         SYMBOL        ms
  C:3A21H         LINE#         39
  C:3A23H         LINE#         40
  C:3A23H         LINE#         41
  C:3A29H         LINE#         42
  C:3A29H         LINE#         43
  C:3A2EH         LINE#         44
  C:3A30H         LINE#         45
  -------         ENDPROC       _DELAY_255MS
  -------         ENDMOD        DELAY

  -------         MODULE        ADC
  C:0000H         SYMBOL        _ICE_DUMMY_
  D:0080H         PUBLIC        P0
BL51 BANKED LINKER/LOCATER V6.22                                                      06/21/2023  16:33:06  PAGE 29


  D:0090H         PUBLIC        P1
  C:2D53H         PUBLIC        _ADC_Inilize
  D:00A0H         PUBLIC        P2
  D:00B0H         PUBLIC        P3
  D:00C0H         PUBLIC        P4
  D:00C8H         PUBLIC        P5
  D:00E8H         PUBLIC        P6
  D:00F8H         PUBLIC        P7
  D:00BAH         PUBLIC        P_SW2
  B:00A8H.5       PUBLIC        EADC
  D:00A8H         PUBLIC        IE
  D:00BDH         PUBLIC        ADC_RES
  B:00B8H.5       PUBLIC        PADC
  D:00B8H         PUBLIC        IP
  D:00DEH         PUBLIC        ADCCFG
  C:003EH         PUBLIC        _ADC_PowerControl
  D:00D8H         PUBLIC        CCON
  D:00BCH         PUBLIC        ADC_CONTR
  D:0098H         PUBLIC        SCON
  D:0088H         PUBLIC        TCON
  D:00F0H         PUBLIC        B
  D:00E0H         PUBLIC        ACC
  C:3146H         PUBLIC        _Get_ADCResult
  D:00BEH         PUBLIC        ADC_RESL
  D:00B7H         PUBLIC        IPH
  C:0006H         PUBLIC        ADC_int
  D:00D0H         PUBLIC        PSW
  -------         PROC          _ADC_INILIZE
  D:0001H         SYMBOL        ADCx
  C:2D53H         LINE#         23
  C:2D53H         LINE#         24
  C:2D53H         LINE#         25
  C:2D61H         LINE#         26
  C:2D6FH         LINE#         27
  C:2D72H         LINE#         28
  C:2D80H         LINE#         29
  C:2D83H         LINE#         30
  C:2D90H         LINE#         31
  C:2D92H         LINE#         32
  C:2D9EH         LINE#         33
  C:2DC1H         LINE#         35
  C:2DCAH         LINE#         36
  C:2DD6H         LINE#         37
  C:2DE2H         LINE#         38
  C:2DE5H         LINE#         39
  C:2DF8H         LINE#         40
  C:2DFBH         LINE#         41
  -------         ENDPROC       _ADC_INILIZE
  -------         PROC          _ADC_POWERCONTROL
  D:0007H         SYMBOL        pwr
  C:003EH         LINE#         51
  C:003EH         LINE#         52
  C:003EH         LINE#         53
  C:0046H         LINE#         54
  C:0049H         LINE#         55
  -------         ENDPROC       _ADC_POWERCONTROL
  -------         PROC          _GET_ADCRESULT
BL51 BANKED LINKER/LOCATER V6.22                                                      06/21/2023  16:33:06  PAGE 30


  D:0007H         SYMBOL        channel
  -------         DO            
  X:027EH         SYMBOL        adc
  D:0005H         SYMBOL        i
  -------         ENDDO         
  C:3146H         LINE#         64
  C:3146H         LINE#         65
  C:3146H         LINE#         69
  C:314EH         LINE#         70
  C:3151H         LINE#         71
  C:3153H         LINE#         73
  C:315CH         LINE#         74
  C:3166H         LINE#         76
  C:3168H         LINE#         77
  C:3168H         LINE#         78
  C:316DH         LINE#         79
  C:316DH         LINE#         80
  C:3170H         LINE#         81
  C:3177H         LINE#         82
  C:3177H         LINE#         83
  C:3182H         LINE#         84
  C:3184H         LINE#         86
  C:3184H         LINE#         88
  C:318CH         LINE#         89
  C:31ABH         LINE#         94
  C:31ABH         LINE#         95
  C:31B4H         LINE#         96
  C:31B4H         LINE#         97
  C:31B9H         LINE#         98
  C:31BDH         LINE#         99
  -------         ENDPROC       _GET_ADCRESULT
  -------         PROC          ADC_INT
  C:0006H         LINE#         109
  C:0006H         LINE#         111
  C:0009H         LINE#         112
  -------         ENDPROC       ADC_INT
  -------         ENDMOD        ADC

  -------         MODULE        COMPARE
  C:0000H         SYMBOL        _ICE_DUMMY_
  D:0080H         PUBLIC        P0
  D:0090H         PUBLIC        P1
  D:00A0H         PUBLIC        P2
  D:00B0H         PUBLIC        P3
  D:00C0H         PUBLIC        P4
  D:00C8H         PUBLIC        P5
  D:00E8H         PUBLIC        P6
  D:00F8H         PUBLIC        P7
  D:00BAH         PUBLIC        P_SW2
  C:39EFH         PUBLIC        CMP_int
  D:00A8H         PUBLIC        IE
  D:00B6H         PUBLIC        IP2H
  D:00B8H         PUBLIC        IP
  C:2CA8H         PUBLIC        _CMP_Inilize
  D:00D8H         PUBLIC        CCON
  D:00E6H         PUBLIC        CMPCR1
  D:00E7H         PUBLIC        CMPCR2
BL51 BANKED LINKER/LOCATER V6.22                                                      06/21/2023  16:33:06  PAGE 31


  D:0098H         PUBLIC        SCON
  D:0088H         PUBLIC        TCON
  B:00C0H.7       PUBLIC        P47
  D:00F0H         PUBLIC        B
  D:00E0H         PUBLIC        ACC
  D:00B5H         PUBLIC        IP2
  D:00D0H         PUBLIC        PSW
  -------         PROC          _CMP_INILIZE
  D:0001H         SYMBOL        CMPx
  C:2CA8H         LINE#         22
  C:2CA8H         LINE#         23
  C:2CA8H         LINE#         24
  C:2CABH         LINE#         25
  C:2CB5H         LINE#         26
  C:2CBEH         LINE#         27
  C:2CCAH         LINE#         28
  C:2CD6H         LINE#         29
  C:2CE2H         LINE#         30
  C:2CEEH         LINE#         31
  C:2CFAH         LINE#         32
  C:2D06H         LINE#         33
  C:2D11H         LINE#         34
  C:2D1FH         LINE#         35
  C:2D2BH         LINE#         36
  C:2D52H         LINE#         37
  -------         ENDPROC       _CMP_INILIZE
  -------         PROC          CMP_INT
  C:39EFH         LINE#         40
  C:39F3H         LINE#         42
  C:39F6H         LINE#         43
  C:39FBH         LINE#         44
  -------         ENDPROC       CMP_INT
  -------         ENDMOD        COMPARE

  -------         MODULE        EEPROM
  C:0000H         SYMBOL        _ICE_DUMMY_
  D:0080H         PUBLIC        P0
  D:0090H         PUBLIC        P1
  D:00A0H         PUBLIC        P2
  D:00B0H         PUBLIC        P3
  C:3A6EH         PUBLIC        DisableEEPROM
  D:00C0H         PUBLIC        P4
  D:00C8H         PUBLIC        P5
  B:00A8H.7       PUBLIC        EA
  D:00E8H         PUBLIC        P6
  D:00F8H         PUBLIC        P7
  D:00A8H         PUBLIC        IE
  D:00C5H         PUBLIC        IAP_CMD
  C:3957H         PUBLIC        _EEPROM_SectorErase
  C:36A6H         PUBLIC        _EEPROM_read_n
  D:00B8H         PUBLIC        IP
  D:00C3H         PUBLIC        IAP_ADDRH
  D:00D8H         PUBLIC        CCON
  D:00C4H         PUBLIC        IAP_ADDRL
  C:355EH         PUBLIC        _EEPROM_write_n
  D:00F5H         PUBLIC        IAP_TPS
  D:0098H         PUBLIC        SCON
BL51 BANKED LINKER/LOCATER V6.22                                                      06/21/2023  16:33:06  PAGE 32


  D:0088H         PUBLIC        TCON
  D:00F0H         PUBLIC        B
  C:006DH         PUBLIC        EEPROM_Trig
  D:00C7H         PUBLIC        IAP_CONTR
  D:00E0H         PUBLIC        ACC
  D:00C2H         PUBLIC        IAP_DATA
  D:00C6H         PUBLIC        IAP_TRIG
  B:00D0H.5       PUBLIC        F0
  D:00D0H         PUBLIC        PSW
  -------         PROC          DISABLEEEPROM
  C:3A6EH         LINE#         29
  C:3A6EH         LINE#         30
  C:3A6EH         LINE#         31
  C:3A71H         LINE#         32
  C:3A73H         LINE#         33
  C:3A75H         LINE#         34
  C:3A78H         LINE#         35
  C:3A7BH         LINE#         36
  -------         ENDPROC       DISABLEEEPROM
  -------         PROC          L?0014
  -------         ENDPROC       L?0014
  -------         PROC          EEPROM_TRIG
  C:006DH         LINE#         45
  C:006DH         LINE#         46
  C:006DH         LINE#         47
  C:0071H         LINE#         48
  C:0073H         LINE#         49
  C:0076H         LINE#         50
  C:0079H         LINE#         53
  C:007AH         LINE#         54
  C:007BH         LINE#         55
  C:007FH         LINE#         56
  -------         ENDPROC       EEPROM_TRIG
  -------         PROC          _EEPROM_READ_N
  D:0004H         SYMBOL        EE_address
  D:0001H         SYMBOL        DataAddress
  X:021DH         SYMBOL        number
  C:36A6H         LINE#         67
  C:36AAH         LINE#         68
  C:36AAH         LINE#         69
  C:36B0H         LINE#         70
  C:36B3H         LINE#         72
  C:36B3H         LINE#         73
  C:36B3H         LINE#         74
  C:36B3H         LINE#         75
  C:36B6H         LINE#         76
  C:36BBH         LINE#         77
  C:36C0H         LINE#         78
  C:36C7H         LINE#         79
  C:36D5H         LINE#         81
  -------         ENDPROC       _EEPROM_READ_N
  -------         PROC          _EEPROM_SECTORERASE
  D:0004H         SYMBOL        EE_address
  C:3957H         LINE#         91
  C:395BH         LINE#         92
  C:395BH         LINE#         93
  C:3961H         LINE#         94
BL51 BANKED LINKER/LOCATER V6.22                                                      06/21/2023  16:33:06  PAGE 33


  C:3964H         LINE#         97
  C:3964H         LINE#         98
  C:3964H         LINE#         99
  C:3967H         LINE#         100
  -------         ENDPROC       _EEPROM_SECTORERASE
  -------         PROC          _EEPROM_WRITE_N
  D:0004H         SYMBOL        EE_address
  D:0001H         SYMBOL        DataAddress
  X:021DH         SYMBOL        number
  C:355EH         LINE#         112
  C:3562H         LINE#         113
  C:3562H         LINE#         114
  C:3568H         LINE#         115
  C:356BH         LINE#         117
  C:356BH         LINE#         118
  C:356EH         LINE#         119
  C:3572H         LINE#         120
  C:3577H         LINE#         121
  C:357AH         LINE#         122
  C:357FH         LINE#         123
  C:3586H         LINE#         124
  C:3594H         LINE#         125
  -------         ENDPROC       _EEPROM_WRITE_N
  -------         ENDMOD        EEPROM

  -------         MODULE        EXTI
  C:0000H         SYMBOL        _ICE_DUMMY_
  D:0080H         PUBLIC        P0
  D:0090H         PUBLIC        P1
  D:00A0H         PUBLIC        P2
  D:00B0H         PUBLIC        P3
  D:00C0H         PUBLIC        P4
  D:00C8H         PUBLIC        P5
  D:00E8H         PUBLIC        P6
  D:00F8H         PUBLIC        P7
  D:00A8H         PUBLIC        IE
  D:00B8H         PUBLIC        IP
  D:00D8H         PUBLIC        CCON
  C:396AH         PUBLIC        Ext_INT0
  C:397DH         PUBLIC        Ext_INT1
  C:3990H         PUBLIC        Ext_INT2
  C:39A3H         PUBLIC        Ext_INT3
  C:39B6H         PUBLIC        Ext_INT4
  D:0098H         PUBLIC        SCON
  D:0088H         PUBLIC        TCON
  B:0088H.1       PUBLIC        IE0
  B:0088H.3       PUBLIC        IE1
  D:00F0H         PUBLIC        B
  X:0280H         PUBLIC        WakeUpSource
  D:00E0H         PUBLIC        ACC
  B:00A8H.0       PUBLIC        EX0
  B:0088H.0       PUBLIC        IT0
  B:00A8H.2       PUBLIC        EX1
  B:0088H.2       PUBLIC        IT1
  B:00B8H.0       PUBLIC        PX0
  B:00B8H.2       PUBLIC        PX1
  D:00B7H         PUBLIC        IPH
BL51 BANKED LINKER/LOCATER V6.22                                                      06/21/2023  16:33:06  PAGE 34


  C:271DH         PUBLIC        _Ext_Inilize
  D:008FH         PUBLIC        INT_CLKO
  D:00D0H         PUBLIC        PSW
  -------         PROC          EXT_INT0
  C:396AH         LINE#         26
  C:3970H         LINE#         29
  C:3976H         LINE#         30
  -------         ENDPROC       EXT_INT0
  -------         PROC          EXT_INT1
  C:397DH         LINE#         33
  C:3983H         LINE#         36
  C:3989H         LINE#         37
  -------         ENDPROC       EXT_INT1
  -------         PROC          EXT_INT2
  C:3990H         LINE#         40
  C:3996H         LINE#         43
  C:399CH         LINE#         44
  -------         ENDPROC       EXT_INT2
  -------         PROC          EXT_INT3
  C:39A3H         LINE#         47
  C:39A9H         LINE#         50
  C:39AFH         LINE#         51
  -------         ENDPROC       EXT_INT3
  -------         PROC          EXT_INT4
  C:39B6H         LINE#         54
  C:39BCH         LINE#         57
  C:39C2H         LINE#         58
  -------         ENDPROC       EXT_INT4
  -------         PROC          _EXT_INILIZE
  D:0007H         SYMBOL        EXT
  D:0001H         SYMBOL        INTx
  C:271DH         LINE#         67
  C:271DH         LINE#         68
  C:271DH         LINE#         69
  C:2726H         LINE#         71
  C:2729H         LINE#         72
  C:2729H         LINE#         73
  C:272BH         LINE#         74
  C:2738H         LINE#         75
  C:273AH         LINE#         76
  C:2749H         LINE#         77
  C:2777H         LINE#         78
  C:2781H         LINE#         79
  C:2783H         LINE#         80
  C:2786H         LINE#         81
  C:2786H         LINE#         83
  C:278BH         LINE#         84
  C:278BH         LINE#         85
  C:278DH         LINE#         86
  C:279AH         LINE#         87
  C:279CH         LINE#         88
  C:27ABH         LINE#         89
  C:27D9H         LINE#         90
  C:27E3H         LINE#         91
  C:27E5H         LINE#         92
  C:27E8H         LINE#         93
  C:27E8H         LINE#         95
BL51 BANKED LINKER/LOCATER V6.22                                                      06/21/2023  16:33:06  PAGE 35


  C:27ECH         LINE#         96
  C:27ECH         LINE#         97
  C:27FAH         LINE#         98
  C:27FDH         LINE#         99
  C:2800H         LINE#         100
  C:2800H         LINE#         102
  C:2804H         LINE#         103
  C:2804H         LINE#         104
  C:2812H         LINE#         105
  C:2815H         LINE#         106
  C:2818H         LINE#         107
  C:2818H         LINE#         109
  C:281CH         LINE#         110
  C:281CH         LINE#         111
  C:282AH         LINE#         112
[...]


  C:2E7EH         LINE#         45
  C:2E8CH         LINE#         47
  C:2E91H         LINE#         48
  C:2E93H         LINE#         49
  -------         ENDPROC       _SPI_INIT
  -------         PROC          _SPI_SETMODE
  D:0007H         SYMBOL        mode
  C:3A00H         LINE#         58
  C:3A00H         LINE#         59
  C:3A00H         LINE#         60
  C:3A03H         LINE#         61
  C:3A03H         LINE#         62
  C:3A06H         LINE#         63
  C:3A09H         LINE#         64
  C:3A0AH         LINE#         66
  C:3A0AH         LINE#         67
  C:3A0DH         LINE#         68
  C:3A10H         LINE#         69
  C:3A10H         LINE#         70
  -------         ENDPROC       _SPI_SETMODE
  -------         PROC          _SPI_WRITEBYTE
  D:0007H         SYMBOL        dat
  C:3AC1H         LINE#         80
  C:3AC1H         LINE#         81
  C:3AC1H         LINE#         82
  C:3AC3H         LINE#         83
  C:3AC5H         LINE#         84
  C:3AC8H         LINE#         85
  -------         ENDPROC       _SPI_WRITEBYTE
  -------         PROC          SPI_TRANSIVION
  C:33A1H         LINE#         95
  C:33AEH         LINE#         97
  C:33B3H         LINE#         98
  C:33B3H         LINE#         99
  C:33B5H         LINE#         100
  C:33B7H         LINE#         102
  C:33B7H         LINE#         103
  C:33C2H         LINE#         104
  C:33D6H         LINE#         105
  C:33DCH         LINE#         106
  C:33DCH         LINE#         107
  C:33DFH         LINE#         108
  -------         ENDPROC       SPI_TRANSIVION
  -------         ENDMOD        SPI

  -------         MODULE        TIMER
  C:0000H         SYMBOL        _ICE_DUMMY_
  D:0080H         PUBLIC        P0
  D:0090H         PUBLIC        P1
  D:00A0H         PUBLIC        P2
  C:001EH         PUBLIC        timer1_int
  D:00B0H         PUBLIC        P3
  C:0026H         PUBLIC        timer2_int
  D:00C0H         PUBLIC        P4
  C:004EH         PUBLIC        timer3_int
  D:00C8H         PUBLIC        P5
  C:0056H         PUBLIC        timer4_int
BL51 BANKED LINKER/LOCATER V6.22                                                      06/21/2023  16:33:06  PAGE 54


  D:00E8H         PUBLIC        P6
  D:00F8H         PUBLIC        P7
  D:00A8H         PUBLIC        IE
  D:00B8H         PUBLIC        IP
  D:00D8H         PUBLIC        CCON
  D:0098H         PUBLIC        SCON
  D:0089H         PUBLIC        TMOD
  D:0088H         PUBLIC        TCON
  B:00E8H.3       PUBLIC        P63
  B:00E8H.4       PUBLIC        P64
  B:00E8H.5       PUBLIC        P65
  B:00E8H.6       PUBLIC        P66
  C:13D0H         PUBLIC        _Timer_Inilize
  D:00AFH         PUBLIC        IE2
  D:00F0H         PUBLIC        B
  D:008EH         PUBLIC        AUXR
  D:00E0H         PUBLIC        ACC
  B:00A8H.1       PUBLIC        ET0
  B:00A8H.3       PUBLIC        ET1
  D:008CH         PUBLIC        TH0
  D:008DH         PUBLIC        TH1
  D:00D6H         PUBLIC        TH2
  D:00D4H         PUBLIC        TH3
  D:00D2H         PUBLIC        TH4
  D:008AH         PUBLIC        TL0
  D:008BH         PUBLIC        TL1
  D:00D7H         PUBLIC        TL2
  D:00D5H         PUBLIC        TL3
  B:00B8H.1       PUBLIC        PT0
  D:00D3H         PUBLIC        TL4
  B:00B8H.3       PUBLIC        PT1
  B:0088H.4       PUBLIC        TR0
  B:0088H.6       PUBLIC        TR1
  D:00D1H         PUBLIC        T4T3M
  D:00B7H         PUBLIC        IPH
  D:008FH         PUBLIC        INT_CLKO
  D:00D0H         PUBLIC        PSW
  -------         PROC          TIMER1_INT
  C:001EH         LINE#         22
  C:001EH         LINE#         24
  C:0020H         LINE#         25
  -------         ENDPROC       TIMER1_INT
  -------         PROC          TIMER2_INT
  C:0026H         LINE#         28
  C:0026H         LINE#         30
  C:0028H         LINE#         31
  -------         ENDPROC       TIMER2_INT
  -------         PROC          TIMER3_INT
  C:004EH         LINE#         34
  C:004EH         LINE#         36
  C:0050H         LINE#         37
  -------         ENDPROC       TIMER3_INT
  -------         PROC          TIMER4_INT
  C:0056H         LINE#         40
  C:0056H         LINE#         42
  C:0058H         LINE#         43
  -------         ENDPROC       TIMER4_INT
BL51 BANKED LINKER/LOCATER V6.22                                                      06/21/2023  16:33:06  PAGE 55


  -------         PROC          _TIMER_INILIZE
  D:0005H         SYMBOL        TIM
  D:0001H         SYMBOL        TIMx
  C:13D0H         LINE#         53
  C:13D2H         LINE#         54
  C:13D2H         LINE#         55
  C:13DBH         LINE#         57
  C:13E1H         LINE#         58
  C:13E1H         LINE#         59
  C:13E3H         LINE#         60
  C:13F0H         LINE#         61
  C:13F2H         LINE#         62
  C:1401H         LINE#         63
  C:142FH         LINE#         65
  C:143BH         LINE#         66
  C:1442H         LINE#         67
  C:144FH         LINE#         68
  C:1455H         LINE#         69
  C:145EH         LINE#         70
  C:1461H         LINE#         71
  C:146FH         LINE#         72
  C:1472H         LINE#         74
  C:1484H         LINE#         75
  C:148FH         LINE#         76
  C:1492H         LINE#         77
  C:1492H         LINE#         79
  C:149AH         LINE#         80
  C:149AH         LINE#         81
  C:149CH         LINE#         82
  C:14A9H         LINE#         83
  C:14ABH         LINE#         84
  C:14BAH         LINE#         85
  C:14E8H         LINE#         86
  C:14F4H         LINE#         87
  C:1500H         LINE#         88
  C:150DH         LINE#         89
  C:1513H         LINE#         90
  C:151CH         LINE#         91
  C:151FH         LINE#         92
  C:152DH         LINE#         93
  C:1530H         LINE#         95
  C:1542H         LINE#         96
  C:154DH         LINE#         97
  C:1550H         LINE#         98
  C:1550H         LINE#         100
  C:1555H         LINE#         101
  C:1555H         LINE#         102
  C:1558H         LINE#         103
  C:1566H         LINE#         104
  C:1569H         LINE#         105
  C:1578H         LINE#         106
  C:157FH         LINE#         107
  C:158AH         LINE#         108
  C:1598H         LINE#         109
  C:159BH         LINE#         110
  C:15A9H         LINE#         111
  C:15ACH         LINE#         113
BL51 BANKED LINKER/LOCATER V6.22                                                      06/21/2023  16:33:06  PAGE 56


  C:15BEH         LINE#         114
  C:15CAH         LINE#         115
  C:15CDH         LINE#         116
  C:15CDH         LINE#         118
  C:15D2H         LINE#         119
  C:15D2H         LINE#         120
  C:15D5H         LINE#         121
  C:15E3H         LINE#         122
  C:15E6H         LINE#         123
  C:15F5H         LINE#         124
  C:15FCH         LINE#         125
  C:1607H         LINE#         126
  C:1615H         LINE#         127
  C:1618H         LINE#         128
  C:1626H         LINE#         129
  C:1629H         LINE#         131
  C:163BH         LINE#         132
  C:1647H         LINE#         133
  C:164AH         LINE#         134
  C:164AH         LINE#         136
  C:164FH         LINE#         137
  C:164FH         LINE#         138
  C:1652H         LINE#         139
  C:1660H         LINE#         140
  C:1663H         LINE#         141
  C:1672H         LINE#         142
  C:1679H         LINE#         143
  C:1684H         LINE#         144
  C:1692H         LINE#         145
  C:1695H         LINE#         146
  C:16A3H         LINE#         147
  C:16A6H         LINE#         149
  C:16B6H         LINE#         150
  C:16C2H         LINE#         151
  C:16C5H         LINE#         152
  C:16C5H         LINE#         153
  C:16C7H         LINE#         154
  -------         ENDPROC       _TIMER_INILIZE
  -------         ENDMOD        TIMER

  -------         MODULE        UART
  C:0000H         SYMBOL        _ICE_DUMMY_
  C:200EH         PUBLIC        _UART_Configuration
  D:0080H         PUBLIC        P0
  D:0090H         PUBLIC        P1
  D:00A0H         PUBLIC        P2
  D:00B0H         PUBLIC        P3
  D:00C0H         PUBLIC        P4
  D:00C8H         PUBLIC        P5
  D:00E8H         PUBLIC        P6
  D:00F8H         PUBLIC        P7
  D:00A2H         PUBLIC        P_SW1
  D:00A8H         PUBLIC        IE
  X:0000H         PUBLIC        COM1
  B:00A8H.4       PUBLIC        ES
  D:00B8H         PUBLIC        IP
  X:0007H         PUBLIC        RX1_Buffer
BL51 BANKED LINKER/LOCATER V6.22                                                      06/21/2023  16:33:06  PAGE 57


  B:0098H.0       PUBLIC        RI
  C:30C7H         PUBLIC        UART1_int
  X:0087H         PUBLIC        TX1_Buffer
  B:0098H.1       PUBLIC        TI
  B:00B8H.4       PUBLIC        PS
  D:00D8H         PUBLIC        CCON
  D:0099H         PUBLIC        SBUF
  D:0087H         PUBLIC        PCON
  D:0098H         PUBLIC        SCON
  D:0089H         PUBLIC        TMOD
  D:0088H         PUBLIC        TCON
  C:39DCH         PUBLIC        _PrintString1
  D:00AFH         PUBLIC        IE2
  D:00F0H         PUBLIC        B
  D:008EH         PUBLIC        AUXR
  C:3871H         PUBLIC        _TX1_write2buff
  D:00E0H         PUBLIC        ACC
  B:00A8H.3       PUBLIC        ET1
  D:008DH         PUBLIC        TH1
  D:00D6H         PUBLIC        TH2
  D:008BH         PUBLIC        TL1
  D:00D7H         PUBLIC        TL2
  B:0088H.6       PUBLIC        TR1
  D:00B7H         PUBLIC        IPH
  B:0098H.4       PUBLIC        REN
  D:008FH         PUBLIC        INT_CLKO
  D:00D0H         PUBLIC        PSW
  -------         PROC          _UART_CONFIGURATION
  D:0007H         SYMBOL        UARTx
  X:0259H         SYMBOL        COMx
  -------         DO            
  D:0007H         SYMBOL        i
  X:025CH         SYMBOL        j
  -------         ENDDO         
  C:200EH         LINE#         37
  C:2019H         LINE#         38
  C:2019H         LINE#         43
  C:2021H         LINE#         44
  C:2021H         LINE#         45
  C:2026H         LINE#         46
  C:2029H         LINE#         47
  C:202BH         LINE#         48
  C:202DH         LINE#         49
  C:202FH         LINE#         50
  C:2031H         LINE#         51
  C:2033H         LINE#         52
  C:203DH         LINE#         53
  C:2047H         LINE#         55
  C:2061H         LINE#         56
  C:208FH         LINE#         57
  C:209AH         LINE#         58
  C:20A5H         LINE#         59
  C:20B2H         LINE#         60
  C:20B2H         LINE#         61
  C:20C9H         LINE#         62
  C:20E6H         LINE#         63
  C:2108H         LINE#         64
BL51 BANKED LINKER/LOCATER V6.22                                                      06/21/2023  16:33:06  PAGE 58


  C:211EH         LINE#         65
  C:211EH         LINE#         66
  C:2120H         LINE#         67
  C:2123H         LINE#         68
  C:2126H         LINE#         69
  C:2129H         LINE#         70
  C:212CH         LINE#         71
  C:2141H         LINE#         72
  C:214AH         LINE#         73
  C:214CH         LINE#         74
  C:214FH         LINE#         75
  C:2152H         LINE#         76
  C:2154H         LINE#         77
  C:2156H         LINE#         78
  C:215BH         LINE#         79
  C:215BH         LINE#         80
  C:215EH         LINE#         81
  C:2161H         LINE#         82
  C:2164H         LINE#         83
  C:2167H         LINE#         84
  C:217CH         LINE#         85
  C:2185H         LINE#         86
  C:2188H         LINE#         87
  C:218BH         LINE#         88
  C:218DH         LINE#         89
  C:2190H         LINE#         90
  C:2190H         LINE#         91
  C:21A1H         LINE#         92
  C:21A1H         LINE#         93
  C:21AFH         LINE#         94
  C:21B2H         LINE#         95
  C:21B4H         LINE#         96
  C:21B8H         LINE#         97
  C:21B8H         LINE#         98
  C:21C6H         LINE#         99
  C:21C9H         LINE#         100
  C:21C9H         LINE#         101
  C:21E1H         LINE#         102
  C:21E3H         LINE#         103
  C:21F0H         LINE#         104
  C:21F2H         LINE#         105
  C:2202H         LINE#         106
  C:2205H         LINE#         107
  C:2205H         LINE#         252
  C:2207H         LINE#         253
  -------         ENDPROC       _UART_CONFIGURATION
  -------         PROC          _TX1_WRITE2BUFF
  D:0007H         SYMBOL        dat
  C:3871H         LINE#         259
  C:3871H         LINE#         260
  C:3871H         LINE#         261
  C:3880H         LINE#         262
  C:388DH         LINE#         264
  C:3893H         LINE#         265
  C:3893H         LINE#         266
  C:3895H         LINE#         267
  C:3897H         LINE#         268
BL51 BANKED LINKER/LOCATER V6.22                                                      06/21/2023  16:33:06  PAGE 59


  C:3897H         LINE#         269
  -------         ENDPROC       _TX1_WRITE2BUFF
  -------         PROC          _PRINTSTRING1
  D:0001H         SYMBOL        puts
  C:39DCH         LINE#         271
  C:39DCH         LINE#         272
  C:39DCH         LINE#         273
  C:39EEH         LINE#         274
  -------         ENDPROC       _PRINTSTRING1
  -------         PROC          UART1_INT
  C:30C7H         LINE#         276
  C:30D6H         LINE#         278
  C:30D9H         LINE#         279
  C:30D9H         LINE#         280
  C:30DBH         LINE#         281
  C:30E1H         LINE#         282
  C:30E1H         LINE#         283
  C:30ECH         LINE#         284
  C:3100H         LINE#         285
  C:3106H         LINE#         286
  C:3106H         LINE#         287
  C:3106H         LINE#         289
  C:3109H         LINE#         290
  C:3109H         LINE#         291
  C:310BH         LINE#         292
  C:3118H         LINE#         293
  C:3118H         LINE#         294
  C:3125H         LINE#         295
  C:3132H         LINE#         296
  C:3134H         LINE#         297
  C:3139H         LINE#         298
  C:3139H         LINE#         299
  -------         ENDPROC       UART1_INT
  -------         ENDMOD        UART

  -------         MODULE        WDT
  C:0000H         SYMBOL        _ICE_DUMMY_
  D:0080H         PUBLIC        P0
  D:0090H         PUBLIC        P1
  D:00A0H         PUBLIC        P2
  D:00B0H         PUBLIC        P3
  D:00C0H         PUBLIC        P4
  D:00C8H         PUBLIC        P5
  D:00E8H         PUBLIC        P6
  D:00F8H         PUBLIC        P7
  D:00A8H         PUBLIC        IE
  D:00B8H         PUBLIC        IP
  D:00D8H         PUBLIC        CCON
  C:3821H         PUBLIC        _WDT_Inilize
  D:0098H         PUBLIC        SCON
  D:0088H         PUBLIC        TCON
  C:000EH         PUBLIC        WDT_Clear
  D:00F0H         PUBLIC        B
  D:00E0H         PUBLIC        ACC
  D:00C1H         PUBLIC        WDT_CONTR
  D:00D0H         PUBLIC        PSW
  -------         PROC          _WDT_INILIZE
BL51 BANKED LINKER/LOCATER V6.22                                                      06/21/2023  16:33:06  PAGE 60


  D:0001H         SYMBOL        WDT
  C:3821H         LINE#         22
  C:3821H         LINE#         23
  C:3821H         LINE#         24
  C:382AH         LINE#         26
  C:383AH         LINE#         27
  C:3846H         LINE#         28
  C:3849H         LINE#         29
  -------         ENDPROC       _WDT_INILIZE
  -------         PROC          WDT_CLEAR
  C:000EH         LINE#         32
  C:000EH         LINE#         33
  C:000EH         LINE#         34
  C:0011H         LINE#         35
  -------         ENDPROC       WDT_CLEAR
  -------         ENDMOD        WDT

  -------         MODULE        ?C?FPMUL
  C:00FEH         PUBLIC        ?C?FPMUL
  -------         ENDMOD        ?C?FPMUL

  -------         MODULE        ?C?FPDIV
  C:0207H         PUBLIC        ?C?FPDIV
  -------         ENDMOD        ?C?FPDIV

  -------         MODULE        ?C?FCAST
  C:02AEH         PUBLIC        ?C?FCASTC
  C:02A9H         PUBLIC        ?C?FCASTI
  C:02A4H         PUBLIC        ?C?FCASTL
  -------         ENDMOD        ?C?FCAST

  -------         MODULE        ?C?CASTF
  C:02E2H         PUBLIC        ?C?CASTF
  -------         ENDMOD        ?C?CASTF

  -------         MODULE        ?C?CLDPTR
  C:0363H         PUBLIC        ?C?CLDPTR
  -------         ENDMOD        ?C?CLDPTR

  -------         MODULE        ?C?CLDOPTR
  C:037CH         PUBLIC        ?C?CLDOPTR
  -------         ENDMOD        ?C?CLDOPTR

  -------         MODULE        ?C?CSTPTR
  C:03A9H         PUBLIC        ?C?CSTPTR
  -------         ENDMOD        ?C?CSTPTR

  -------         MODULE        ?C?IMUL
  C:03BBH         PUBLIC        ?C?IMUL
  -------         ENDMOD        ?C?IMUL

  -------         MODULE        ?C?UIDIV
  C:03CDH         PUBLIC        ?C?UIDIV
  -------         ENDMOD        ?C?UIDIV

  -------         MODULE        ?C?IILDX
  C:0422H         PUBLIC        ?C?IILDX
BL51 BANKED LINKER/LOCATER V6.22                                                      06/21/2023  16:33:06  PAGE 61


  -------         ENDMOD        ?C?IILDX

  -------         MODULE        ?C?ILDIX
  C:0438H         PUBLIC        ?C?ILDIX
  -------         ENDMOD        ?C?ILDIX

  -------         MODULE        ?C?ILDPTR
  C:044EH         PUBLIC        ?C?ILDPTR
  -------         ENDMOD        ?C?ILDPTR

  -------         MODULE        ?C?ILDOPTR
  C:0479H         PUBLIC        ?C?ILDOPTR
  -------         ENDMOD        ?C?ILDOPTR

  -------         MODULE        ?C?LMUL
  C:04B1H         PUBLIC        ?C?LMUL
  -------         ENDMOD        ?C?LMUL

  -------         MODULE        ?C?ULDIV
  C:053CH         PUBLIC        ?C?ULDIV
  -------         ENDMOD        ?C?ULDIV

  -------         MODULE        ?C?SLDIV
  C:33EAH         PUBLIC        ?C?SLDIV
  -------         ENDMOD        ?C?SLDIV

  -------         MODULE        ?C?LNEG
  C:05CEH         PUBLIC        ?C?LNEG
  -------         ENDMOD        ?C?LNEG

  -------         MODULE        ?C?SLCMP
  C:05DCH         PUBLIC        ?C?SLCMP
  -------         ENDMOD        ?C?SLCMP

  -------         MODULE        ?C?ULCMP
  C:05F2H         PUBLIC        ?C?ULCMP
  -------         ENDMOD        ?C?ULCMP

  -------         MODULE        ?C?ULSHR
  C:0603H         PUBLIC        ?C?ULSHR
  -------         ENDMOD        ?C?ULSHR

  -------         MODULE        ?C?LSHL
  C:0616H         PUBLIC        ?C?LSHL
  -------         ENDMOD        ?C?LSHL

  -------         MODULE        ?C?LLDOPTR0
  C:0629H         PUBLIC        ?C?LLDOPTR0
  -------         ENDMOD        ?C?LLDOPTR0

  -------         MODULE        ?C?LSTXDATA
  C:0659H         PUBLIC        ?C?LSTXDATA
  -------         ENDMOD        ?C?LSTXDATA

  -------         MODULE        ?C?LSTKXDATA
  C:0665H         PUBLIC        ?C?LSTKXDATA
  -------         ENDMOD        ?C?LSTKXDATA
BL51 BANKED LINKER/LOCATER V6.22                                                      06/21/2023  16:33:06  PAGE 62



  -------         MODULE        ?C?LLDIDATA0
  C:0696H         PUBLIC        ?C?LLDIDATA0
  -------         ENDMOD        ?C?LLDIDATA0

  -------         MODULE        ?C?LLDXDATA0
  C:06A3H         PUBLIC        ?C?LLDXDATA0
  -------         ENDMOD        ?C?LLDXDATA0

  -------         MODULE        ?C?LLDPDATA0
  C:06AFH         PUBLIC        ?C?LLDPDATA0
  -------         ENDMOD        ?C?LLDPDATA0

  -------         MODULE        ?C?LLDCODE0
  C:06BCH         PUBLIC        ?C?LLDCODE0
  -------         ENDMOD        ?C?LLDCODE0

Program Size: data=9.4 xdata=641 code=14990
LINK/LOCATE RUN COMPLETE.  0 WARNING(S),  0 ERROR(S)
