C251 COMPILER V5.60.0,  LED                                                                30/05/23  23:56:20  PAGE 1   


C251 COMPILER V5.60.0, COMPILATION OF MODULE LED
OBJECT MODULE PLACED IN .\Objects\LED.obj
COMPILER INVOKED BY: C:\Keil_v5\C251\BIN\C251.EXE LED.c INTR2 BROWSE DEBUG PRINT(.\Listings\LED.lst) TABS(2) OBJECT(.\Ob
                    -jects\LED.obj) 

stmt  level    source

    1          #include <STC32G.H>
    2          #include "LED.h"
    3          
    4          void LED_Init()
    5          {
    6   1        P0M0=0X20;//配置P0口端口模式
    7   1        P0M1=0X00;
    8   1        
    9   1        P3M0=0X10;
   10   1        P3M1=0X00;
   11   1      }


Module Information          Static   Overlayable
------------------------------------------------
  code size            =        13     ------
  ecode size           =    ------     ------
  data size            =    ------     ------
  idata size           =    ------     ------
  pdata size           =    ------     ------
  xdata size           =    ------     ------
  xdata-const size     =    ------     ------
  edata size           =    ------     ------
  bit size             =    ------     ------
  ebit size            =    ------     ------
  bitaddressable size  =    ------     ------
  ebitaddressable size =    ------     ------
  far data size        =    ------     ------
  huge data size       =    ------     ------
  const size           =    ------     ------
  hconst size          =    ------     ------
End of Module Information.


C251 COMPILATION COMPLETE.  0 WARNING(S),  0 ERROR(S)
