C251 COMPILER V5.60.0,  Delay                                                              30/05/23  23:10:13  PAGE 1   


C251 COMPILER V5.60.0, COMPILATION OF MODULE Delay
OBJECT MODULE PLACED IN .\Objects\Delay.obj
COMPILER INVOKED BY: C:\Keil_v5\C251\BIN\C251.EXE Delay.c INTR2 BROWSE DEBUG PRINT(.\Listings\Delay.lst) TABS(2) OBJECT(
                    -.\Objects\Delay.obj) 

stmt  level    source

    1          #include <STC32G.H>
    2          
    3          void Delay(unsigned int xms)    //@24.000MHz
    4          {
    5   1        unsigned long i;
    6   1        while(xms--)
    7   1        { 
    8   2          _nop_();
    9   2          _nop_();
   10   2          _nop_();
   11   2          i = 5998UL;
   12   2          while (i) i--;
   13   2        }
   14   1      }


Module Information          Static   Overlayable
------------------------------------------------
  code size            =        24     ------
  ecode size           =    ------     ------
  data size            =    ------     ------
  idata size           =    ------     ------
  pdata size           =    ------     ------
  xdata size           =    ------     ------
  xdata-const size     =    ------     ------
  edata size           =    ------     ------
  bit size             =    ------     ------
  ebit size            =    ------     ------
  bitaddressable size  =    ------     ------
  ebitaddressable size =    ------     ------
  far data size        =    ------     ------
  huge data size       =    ------     ------
  const size           =    ------     ------
  hconst size          =    ------     ------
End of Module Information.


C251 COMPILATION COMPLETE.  0 WARNING(S),  0 ERROR(S)
