C51 COMPILER V9.54   MAIN                                                                  05/05/2023 20:28:53 PAGE 1   


C51 COMPILER V9.54, COMPILATION OF MODULE MAIN
OBJECT MODULE PLACED IN .\Objects\main.obj
COMPILER INVOKED BY: D:\Keil_v5\C51\BIN\C51.EXE main.c OPTIMIZE(8,SPEED) BROWSE DEBUG OBJECTEXTEND PRINT(.\Listings\main
                    -.lst) TABS(2) OBJECT(.\Objects\main.obj)

line level    source

   1          #include <REGX52.H>
   2          #include "Delay.h"
   3          
   4          unsigned int Key()
   5          {
   6   1        unsigned int k=0;
   7   1        if(P3_1==0){Delay(20);while(P3_1==0);Delay(20);k=1;}
   8   1        if(P3_0==0){Delay(20);while(P3_0==0);Delay(20);k=2;}
   9   1        if(P3_2==0){Delay(20);while(P3_2==0);Delay(20);k=3;}
  10   1        if(P3_3==0){Delay(20);while(P3_3==0);Delay(20);k=4;}
  11   1        
  12   1        return k;
  13   1      }
  14          
  15          void main()
  16          {
  17   1        unsigned char K;
  18   1        P2=0xff;
  19   1        while(1)
  20   1        {
  21   2          K=Key();
  22   2          if(K==1)
  23   2          {
  24   3            P2--;
  25   3          }
  26   2          if(K==2)
  27   2          {
  28   3            P2++;
  29   3          }
  30   2          
  31   2        }
  32   1      }


MODULE INFORMATION:   STATIC OVERLAYABLE
   CODE SIZE        =    131    ----
   CONSTANT SIZE    =   ----    ----
   XDATA SIZE       =   ----    ----
   PDATA SIZE       =   ----    ----
   DATA SIZE        =   ----       2
   IDATA SIZE       =   ----    ----
   BIT SIZE         =   ----    ----
END OF MODULE INFORMATION.


C51 COMPILATION COMPLETE.  0 WARNING(S),  0 ERROR(S)
